Archive member included to satisfy reference by file (symbol)

c:/nxp/mcuxpressoide_10.1.0_589/ide/tools/bin/../lib/gcc/arm-none-eabi/6.3.1/../../../../arm-none-eabi/lib/thumb/v7e-m/fpv4-sp/hard\libcr_nohost_nf.a(_cr__main.o)
                              ./startup/startup_mk64f12.o (__main)
c:/nxp/mcuxpressoide_10.1.0_589/ide/tools/bin/../lib/gcc/arm-none-eabi/6.3.1/../../../../arm-none-eabi/lib/thumb/v7e-m/fpv4-sp/hard\libcr_c.a(memcpy.o)
                              ./drivers/fsl_flash.o (memcpy)
c:/nxp/mcuxpressoide_10.1.0_589/ide/tools/bin/../lib/gcc/arm-none-eabi/6.3.1/../../../../arm-none-eabi/lib/thumb/v7e-m/fpv4-sp/hard\libcr_c.a(memmove.o)
                              ./utilities/fsl_shell.o (memmove)
c:/nxp/mcuxpressoide_10.1.0_589/ide/tools/bin/../lib/gcc/arm-none-eabi/6.3.1/../../../../arm-none-eabi/lib/thumb/v7e-m/fpv4-sp/hard\libcr_c.a(memset.o)
                              ./utilities/fsl_notifier.o (memset)
c:/nxp/mcuxpressoide_10.1.0_589/ide/tools/bin/../lib/gcc/arm-none-eabi/6.3.1/../../../../arm-none-eabi/lib/thumb/v7e-m/fpv4-sp/hard\libcr_c.a(initio.o)
                              c:/nxp/mcuxpressoide_10.1.0_589/ide/tools/bin/../lib/gcc/arm-none-eabi/6.3.1/../../../../arm-none-eabi/lib/thumb/v7e-m/fpv4-sp/hard\libcr_nohost_nf.a(_cr__main.o) (_initio)
c:/nxp/mcuxpressoide_10.1.0_589/ide/tools/bin/../lib/gcc/arm-none-eabi/6.3.1/../../../../arm-none-eabi/lib/thumb/v7e-m/fpv4-sp/hard\libcr_c.a(setvbuf.o)
                              c:/nxp/mcuxpressoide_10.1.0_589/ide/tools/bin/../lib/gcc/arm-none-eabi/6.3.1/../../../../arm-none-eabi/lib/thumb/v7e-m/fpv4-sp/hard\libcr_c.a(initio.o) (setvbuf)
c:/nxp/mcuxpressoide_10.1.0_589/ide/tools/bin/../lib/gcc/arm-none-eabi/6.3.1/../../../../arm-none-eabi/lib/thumb/v7e-m/fpv4-sp/hard\libcr_c.a(stdlib.o)
                              ./source/main.o (abs)
c:/nxp/mcuxpressoide_10.1.0_589/ide/tools/bin/../lib/gcc/arm-none-eabi/6.3.1/../../../../arm-none-eabi/lib/thumb/v7e-m/fpv4-sp/hard\libcr_c.a(strlen.o)
                              ./utilities/fsl_debug_console.o (strlen)
c:/nxp/mcuxpressoide_10.1.0_589/ide/tools/bin/../lib/gcc/arm-none-eabi/6.3.1/../../../../arm-none-eabi/lib/thumb/v7e-m/fpv4-sp/hard\libcr_c.a(_fdopen.o)
                              c:/nxp/mcuxpressoide_10.1.0_589/ide/tools/bin/../lib/gcc/arm-none-eabi/6.3.1/../../../../arm-none-eabi/lib/thumb/v7e-m/fpv4-sp/hard\libcr_c.a(initio.o) (_fdopen)
c:/nxp/mcuxpressoide_10.1.0_589/ide/tools/bin/../lib/gcc/arm-none-eabi/6.3.1/../../../../arm-none-eabi/lib/thumb/v7e-m/fpv4-sp/hard\libcr_c.a(fclose.o)
                              c:/nxp/mcuxpressoide_10.1.0_589/ide/tools/bin/../lib/gcc/arm-none-eabi/6.3.1/../../../../arm-none-eabi/lib/thumb/v7e-m/fpv4-sp/hard\libcr_c.a(initio.o) (fclose)
c:/nxp/mcuxpressoide_10.1.0_589/ide/tools/bin/../lib/gcc/arm-none-eabi/6.3.1/../../../../arm-none-eabi/lib/thumb/v7e-m/fpv4-sp/hard\libcr_c.a(fflush.o)
                              c:/nxp/mcuxpressoide_10.1.0_589/ide/tools/bin/../lib/gcc/arm-none-eabi/6.3.1/../../../../arm-none-eabi/lib/thumb/v7e-m/fpv4-sp/hard\libcr_c.a(fclose.o) (fflush)
c:/nxp/mcuxpressoide_10.1.0_589/ide/tools/bin/../lib/gcc/arm-none-eabi/6.3.1/../../../../arm-none-eabi/lib/thumb/v7e-m/fpv4-sp/hard\libcr_c.a(fseek.o)
                              c:/nxp/mcuxpressoide_10.1.0_589/ide/tools/bin/../lib/gcc/arm-none-eabi/6.3.1/../../../../arm-none-eabi/lib/thumb/v7e-m/fpv4-sp/hard\libcr_c.a(_fdopen.o) (fseek)
c:/nxp/mcuxpressoide_10.1.0_589/ide/tools/bin/../lib/gcc/arm-none-eabi/6.3.1/../../../../arm-none-eabi/lib/thumb/v7e-m/fpv4-sp/hard\libcr_c.a(ftell.o)
                              c:/nxp/mcuxpressoide_10.1.0_589/ide/tools/bin/../lib/gcc/arm-none-eabi/6.3.1/../../../../arm-none-eabi/lib/thumb/v7e-m/fpv4-sp/hard\libcr_c.a(fseek.o) (ftell)
c:/nxp/mcuxpressoide_10.1.0_589/ide/tools/bin/../lib/gcc/arm-none-eabi/6.3.1/../../../../arm-none-eabi/lib/thumb/v7e-m/fpv4-sp/hard\libcr_c.a(raise.o)
                              c:/nxp/mcuxpressoide_10.1.0_589/ide/tools/bin/../lib/gcc/arm-none-eabi/6.3.1/../../../../arm-none-eabi/lib/thumb/v7e-m/fpv4-sp/hard\libcr_c.a(stdlib.o) (raise)
c:/nxp/mcuxpressoide_10.1.0_589/ide/tools/bin/../lib/gcc/arm-none-eabi/6.3.1/../../../../arm-none-eabi/lib/thumb/v7e-m/fpv4-sp/hard\libcr_c.a(remove.o)
                              c:/nxp/mcuxpressoide_10.1.0_589/ide/tools/bin/../lib/gcc/arm-none-eabi/6.3.1/../../../../arm-none-eabi/lib/thumb/v7e-m/fpv4-sp/hard\libcr_c.a(fclose.o) (remove)
c:/nxp/mcuxpressoide_10.1.0_589/ide/tools/bin/../lib/gcc/arm-none-eabi/6.3.1/../../../../arm-none-eabi/lib/thumb/v7e-m/fpv4-sp/hard\libcr_c.a(_do_fflush.o)
                              c:/nxp/mcuxpressoide_10.1.0_589/ide/tools/bin/../lib/gcc/arm-none-eabi/6.3.1/../../../../arm-none-eabi/lib/thumb/v7e-m/fpv4-sp/hard\libcr_c.a(fflush.o) (_do_fflush)
c:/nxp/mcuxpressoide_10.1.0_589/ide/tools/bin/../lib/gcc/arm-none-eabi/6.3.1/../../../../arm-none-eabi/lib/thumb/v7e-m/fpv4-sp/hard\libcr_c.a(_fflush.o)
[...]
Memory Configuration

Name             Origin             Length             Attributes
PROGRAM_FLASH    0x00000000         0x00100000         xr
SRAM_UPPER       0x20000000         0x00030000         xrw
SRAM_LOWER       0x1fff0000         0x00010000         xrw
FLEX_RAM         0x14000000         0x00001000         xrw
*default*        0x00000000         0xffffffff

Linker script and memory map

LOAD ./utilities/fsl_debug_console.o
LOAD ./utilities/fsl_notifier.o
LOAD ./utilities/fsl_shell.o
LOAD ./startup/startup_mk64f12.o
LOAD ./source/main.o
LOAD ./source/semihost_hardfault.o
LOAD ./source/uart_com.o
LOAD ./drivers/fsl_clock.o
LOAD ./drivers/fsl_common.o
LOAD ./drivers/fsl_dspi.o
LOAD ./drivers/fsl_flash.o
LOAD ./drivers/fsl_ftm.o
LOAD ./drivers/fsl_gpio.o
LOAD ./drivers/fsl_pit.o
LOAD ./drivers/fsl_smc.o
LOAD ./drivers/fsl_uart.o
LOAD ./board/board.o
LOAD ./board/clock_config.o
LOAD ./board/peripherals.o
LOAD ./board/pin_mux.o
LOAD ./CMSIS/system_MK64F12.o
START GROUP
LOAD c:/nxp/mcuxpressoide_10.1.0_589/ide/tools/bin/../lib/gcc/arm-none-eabi/6.3.1/../../../../arm-none-eabi/lib/thumb/v7e-m/fpv4-sp/hard\libcr_nohost_nf.a
LOAD c:/nxp/mcuxpressoide_10.1.0_589/ide/tools/bin/../lib/gcc/arm-none-eabi/6.3.1/../../../../arm-none-eabi/lib/thumb/v7e-m/fpv4-sp/hard\libcr_c.a
LOAD c:/nxp/mcuxpressoide_10.1.0_589/ide/tools/bin/../lib/gcc/arm-none-eabi/6.3.1/thumb/v7e-m/fpv4-sp/hard\libcr_eabihelpers.a
END GROUP
                0x00000000                __base_PROGRAM_FLASH = 0x0
                0x00000000                __base_Flash = 0x0
                0x00100000                __top_PROGRAM_FLASH = 0x100000
                0x00100000                __top_Flash = 0x100000
                0x20000000                __base_SRAM_UPPER = 0x20000000
                0x20000000                __base_RAM = 0x20000000
                0x20030000                __top_SRAM_UPPER = 0x20030000
                0x20030000                __top_RAM = 0x20030000
                0x1fff0000                __base_SRAM_LOWER = 0x1fff0000
                0x1fff0000                __base_RAM2 = 0x1fff0000
                0x20000000                __top_SRAM_LOWER = 0x20000000
                0x20000000                __top_RAM2 = 0x20000000
                0x14000000                __base_FLEX_RAM = 0x14000000
                0x14000000                __base_RAM3 = 0x14000000
                0x14001000                __top_FLEX_RAM = 0x14001000
                0x14001000                __top_RAM3 = 0x14001000

.text           0x00000000     0x5390
 FILL mask 0xff
                0x00000000                __vectors_start__ = ABSOLUTE (.)
 *(.isr_vector)
 .isr_vector    0x00000000      0x198 ./startup/startup_mk64f12.o
                0x00000000                g_pfnVectors
                0x00000000                __Vectors
                0x00000198                . = ALIGN (0x4)
                0x00000198                __section_table_start = .
                0x00000198                __data_section_table = .
                0x00000198        0x4 LONG 0x5390 LOADADDR (.data)
                0x0000019c        0x4 LONG 0x20000000 ADDR (.data)
                0x000001a0        0x4 LONG 0x20 SIZEOF (.data)
                0x000001a4        0x4 LONG 0x5390 LOADADDR (.data_RAM2)
                0x000001a8        0x4 LONG 0x1fff0000 ADDR (.data_RAM2)
                0x000001ac        0x4 LONG 0x0 SIZEOF (.data_RAM2)
                0x000001b0        0x4 LONG 0x5390 LOADADDR (.data_RAM3)
                0x000001b4        0x4 LONG 0x14000000 ADDR (.data_RAM3)
                0x000001b8        0x4 LONG 0x0 SIZEOF (.data_RAM3)
                0x000001bc                __data_section_table_end = .
                0x000001bc                __bss_section_table = .
                0x000001bc        0x4 LONG 0x20000020 ADDR (.bss)
                0x000001c0        0x4 LONG 0x520 SIZEOF (.bss)
                0x000001c4        0x4 LONG 0x1fff0000 ADDR (.bss_RAM2)
                0x000001c8        0x4 LONG 0x0 SIZEOF (.bss_RAM2)
                0x000001cc        0x4 LONG 0x14000000 ADDR (.bss_RAM3)
                0x000001d0        0x4 LONG 0x0 SIZEOF (.bss_RAM3)
                0x000001d4                __bss_section_table_end = .
                0x000001d4                __section_table_end = .
 *(.after_vectors*)
 .after_vectors.init_data
                0x000001d4       0x1e ./startup/startup_mk64f12.o
                0x000001d4                data_init
 .after_vectors.init_bss
                0x000001f2       0x12 ./startup/startup_mk64f12.o
                0x000001f2                bss_init
 .after_vectors.reset
                0x00000204       0x4c ./startup/startup_mk64f12.o
                0x00000204                ResetISR
 .after_vectors
                0x00000250       0x14 ./startup/startup_mk64f12.o
                0x00000250                NMI_Handler
                0x00000254                MemManage_Handler
                0x00000256                BusFault_Handler
                0x00000258                UsageFault_Handler
                0x0000025a                SVC_Handler
                0x0000025c                DebugMon_Handler
                0x0000025e                PendSV_Handler
                0x00000260                SysTick_Handler
                0x00000262                DMA_Error_DriverIRQHandler
                0x00000262                FTM1_DriverIRQHandler
                0x00000262                FTM2_DriverIRQHandler
                0x00000262                PIT2_DriverIRQHandler
                0x00000262                SDHC_DriverIRQHandler
                0x00000262                I2S0_Tx_DriverIRQHandler
                0x00000262                RTC_Seconds_DriverIRQHandler
                0x00000262                DMA6_DriverIRQHandler
                0x00000262                LLWU_DriverIRQHandler
                0x00000262                MCM_DriverIRQHandler
                0x00000262                MCG_DriverIRQHandler
                0x00000262                ENET_1588_Timer_DriverIRQHandler
                0x00000262                I2C2_DriverIRQHandler
                0x00000262                DAC1_DriverIRQHandler
                0x00000262                LPTMR0_DriverIRQHandler
                0x00000262                CMP1_DriverIRQHandler
                0x00000262                FTM0_DriverIRQHandler
                0x00000262                IntDefaultHandler
                0x00000262                USB0_DriverIRQHandler
                0x00000262                UART5_ERR_DriverIRQHandler
                0x00000262                PORTC_DriverIRQHandler
                0x00000262                DMA11_DriverIRQHandler
                0x00000262                DAC0_DriverIRQHandler
                0x00000262                DMA10_DriverIRQHandler
                0x00000262                CMP2_DriverIRQHandler
                0x00000262                UART2_ERR_DriverIRQHandler
                0x00000262                LVD_LVW_DriverIRQHandler
                0x00000262                PIT0_DriverIRQHandler
                0x00000262                DMA12_DriverIRQHandler
                0x00000262                DMA5_DriverIRQHandler
                0x00000262                DMA4_DriverIRQHandler
                0x00000262                USBDCD_DriverIRQHandler
                0x00000262                UART3_ERR_DriverIRQHandler
                0x00000262                DMA3_DriverIRQHandler
                0x00000262                DMA8_DriverIRQHandler
                0x00000262                DMA9_DriverIRQHandler
                0x00000262                UART0_ERR_DriverIRQHandler
                0x00000262                CMT_DriverIRQHandler
                0x00000262                Reserved71_DriverIRQHandler
                0x00000262                ADC1_DriverIRQHandler
                0x00000262                PORTA_DriverIRQHandler
                0x00000262                DMA14_DriverIRQHandler
                0x00000262                PIT3_DriverIRQHandler
                0x00000262                PIT1_DriverIRQHandler
                0x00000262                WDOG_EWM_DriverIRQHandler
                0x00000262                PDB0_DriverIRQHandler
                0x00000262                RTC_DriverIRQHandler
                0x00000262                I2S0_Rx_DriverIRQHandler
                0x00000262                Read_Collision_DriverIRQHandler
                0x00000262                SWI_DriverIRQHandler
                0x00000262                UART4_ERR_DriverIRQHandler
                0x00000262                PORTB_DriverIRQHandler
                0x00000262                UART0_LON_DriverIRQHandler
                0x00000262                DMA0_DriverIRQHandler
                0x00000262                DMA1_DriverIRQHandler
                0x00000262                I2C1_DriverIRQHandler
                0x00000262                ENET_Receive_DriverIRQHandler
                0x00000262                DMA13_DriverIRQHandler
                0x00000262                ENET_Error_DriverIRQHandler
                0x00000262                DMA15_DriverIRQHandler
                0x00000262                ADC0_DriverIRQHandler
                0x00000262                CMP0_DriverIRQHandler
                0x00000262                CAN0_DriverIRQHandler
                0x00000262                FTM3_DriverIRQHandler
                0x00000262                RNG_DriverIRQHandler
                0x00000262                UART1_ERR_DriverIRQHandler
                0x00000262                DMA2_DriverIRQHandler
                0x00000262                ENET_Transmit_DriverIRQHandler
                0x00000262                PORTD_DriverIRQHandler
                0x00000262                PORTE_DriverIRQHandler
                0x00000262                FTFE_DriverIRQHandler
                0x00000262                I2C0_DriverIRQHandler
                0x00000262                DMA7_DriverIRQHandler
                0x00000400                . = 0x400
 *fill*         0x00000264      0x19c ff
                0x00000400                PROVIDE (__FLASH_CONFIG_START__, .)
 *(.FlashConfig)
 .FlashConfig   0x00000400       0x10 ./startup/startup_mk64f12.o
                0x00000400                Flash_Config
                0x00000410                PROVIDE (__FLASH_CONFIG_END__, .)
                0x00000001                ASSERT (! ((__FLASH_CONFIG_START__ == __FLASH_CONFIG_END__)), Linker Flash Config Support Enabled, but no .FlashConfig section provided within application)
 *(.text*)
 .text.DbgConsole_Printf
                0x00000410       0x40 ./utilities/fsl_debug_console.o
                0x00000410                DbgConsole_Printf
 .text.DbgConsole_Putchar
                0x00000450       0x34 ./utilities/fsl_debug_console.o
                0x00000450                DbgConsole_Putchar
 .text.DbgConsole_PrintfPaddingCharacter
                0x00000484       0x3e ./utilities/fsl_debug_console.o
 .text.DbgConsole_ConvertRadixNumToString
                0x000004c2      0x114 ./utilities/fsl_debug_console.o
 *fill*         0x000005d6        0x2 ff
 .text.DbgConsole_PrintfFormattedData
                0x000005d8      0x358 ./utilities/fsl_debug_console.o
 .text.DMA0_IRQHandler
                0x00000930        0x8 ./startup/startup_mk64f12.o
                0x00000930                DMA0_IRQHandler
 .text.DMA1_IRQHandler
                0x00000938        0x8 ./startup/startup_mk64f12.o
                0x00000938                DMA1_IRQHandler
 .text.DMA2_IRQHandler
                0x00000940        0x8 ./startup/startup_mk64f12.o
                0x00000940                DMA2_IRQHandler
 .text.DMA3_IRQHandler
                0x00000948        0x8 ./startup/startup_mk64f12.o
                0x00000948                DMA3_IRQHandler
 .text.DMA4_IRQHandler
                0x00000950        0x8 ./startup/startup_mk64f12.o
                0x00000950                DMA4_IRQHandler
 .text.DMA5_IRQHandler
                0x00000958        0x8 ./startup/startup_mk64f12.o
                0x00000958                DMA5_IRQHandler
 .text.DMA6_IRQHandler
                0x00000960        0x8 ./startup/startup_mk64f12.o
                0x00000960                DMA6_IRQHandler
 .text.DMA7_IRQHandler
                0x00000968        0x8 ./startup/startup_mk64f12.o
                0x00000968                DMA7_IRQHandler
 .text.DMA8_IRQHandler
                0x00000970        0x8 ./startup/startup_mk64f12.o
                0x00000970                DMA8_IRQHandler
 .text.DMA9_IRQHandler
                0x00000978        0x8 ./startup/startup_mk64f12.o
                0x00000978                DMA9_IRQHandler
 .text.DMA10_IRQHandler
                0x00000980        0x8 ./startup/startup_mk64f12.o
                0x00000980                DMA10_IRQHandler
 .text.DMA11_IRQHandler
                0x00000988        0x8 ./startup/startup_mk64f12.o
                0x00000988                DMA11_IRQHandler
 .text.DMA12_IRQHandler
                0x00000990        0x8 ./startup/startup_mk64f12.o
                0x00000990                DMA12_IRQHandler
 .text.DMA13_IRQHandler
                0x00000998        0x8 ./startup/startup_mk64f12.o
                0x00000998                DMA13_IRQHandler
 .text.DMA14_IRQHandler
                0x000009a0        0x8 ./startup/startup_mk64f12.o
                0x000009a0                DMA14_IRQHandler
 .text.DMA15_IRQHandler
                0x000009a8        0x8 ./startup/startup_mk64f12.o
                0x000009a8                DMA15_IRQHandler
 .text.DMA_Error_IRQHandler
                0x000009b0        0x8 ./startup/startup_mk64f12.o
                0x000009b0                DMA_Error_IRQHandler
 .text.MCM_IRQHandler
                0x000009b8        0x8 ./startup/startup_mk64f12.o
                0x000009b8                MCM_IRQHandler
 .text.FTFE_IRQHandler
                0x000009c0        0x8 ./startup/startup_mk64f12.o
                0x000009c0                FTFE_IRQHandler
 .text.Read_Collision_IRQHandler
                0x000009c8        0x8 ./startup/startup_mk64f12.o
                0x000009c8                Read_Collision_IRQHandler
 .text.LVD_LVW_IRQHandler
                0x000009d0        0x8 ./startup/startup_mk64f12.o
                0x000009d0                LVD_LVW_IRQHandler
 .text.LLWU_IRQHandler
                0x000009d8        0x8 ./startup/startup_mk64f12.o
                0x000009d8                LLWU_IRQHandler
 .text.WDOG_EWM_IRQHandler
                0x000009e0        0x8 ./startup/startup_mk64f12.o
                0x000009e0                WDOG_EWM_IRQHandler
 .text.RNG_IRQHandler
                0x000009e8        0x8 ./startup/startup_mk64f12.o
                0x000009e8                RNG_IRQHandler
 .text.I2C0_IRQHandler
                0x000009f0        0x8 ./startup/startup_mk64f12.o
                0x000009f0                I2C0_IRQHandler
 .text.I2C1_IRQHandler
                0x000009f8        0x8 ./startup/startup_mk64f12.o
                0x000009f8                I2C1_IRQHandler
 .text.SPI0_IRQHandler
                0x00000a00        0x8 ./startup/startup_mk64f12.o
                0x00000a00                SPI0_IRQHandler
 .text.SPI1_IRQHandler
                0x00000a08        0x8 ./startup/startup_mk64f12.o
                0x00000a08                SPI1_IRQHandler
 .text.I2S0_Tx_IRQHandler
                0x00000a10        0x8 ./startup/startup_mk64f12.o
                0x00000a10                I2S0_Tx_IRQHandler
 .text.I2S0_Rx_IRQHandler
                0x00000a18        0x8 ./startup/startup_mk64f12.o
                0x00000a18                I2S0_Rx_IRQHandler
 .text.UART0_LON_IRQHandler
                0x00000a20        0x8 ./startup/startup_mk64f12.o
                0x00000a20                UART0_LON_IRQHandler
 .text.UART0_ERR_IRQHandler
                0x00000a28        0x8 ./startup/startup_mk64f12.o
                0x00000a28                UART0_ERR_IRQHandler
 .text.UART1_RX_TX_IRQHandler
                0x00000a30        0x8 ./startup/startup_mk64f12.o
                0x00000a30                UART1_RX_TX_IRQHandler
 .text.UART1_ERR_IRQHandler
                0x00000a38        0x8 ./startup/startup_mk64f12.o
                0x00000a38                UART1_ERR_IRQHandler
 .text.UART2_RX_TX_IRQHandler
                0x00000a40        0x8 ./startup/startup_mk64f12.o
                0x00000a40                UART2_RX_TX_IRQHandler
 .text.UART2_ERR_IRQHandler
                0x00000a48        0x8 ./startup/startup_mk64f12.o
                0x00000a48                UART2_ERR_IRQHandler
 .text.UART3_RX_TX_IRQHandler
                0x00000a50        0x8 ./startup/startup_mk64f12.o
                0x00000a50                UART3_RX_TX_IRQHandler
 .text.UART3_ERR_IRQHandler
                0x00000a58        0x8 ./startup/startup_mk64f12.o
                0x00000a58                UART3_ERR_IRQHandler
 .text.ADC0_IRQHandler
                0x00000a60        0x8 ./startup/startup_mk64f12.o
                0x00000a60                ADC0_IRQHandler
 .text.CMP0_IRQHandler
                0x00000a68        0x8 ./startup/startup_mk64f12.o
                0x00000a68                CMP0_IRQHandler
 .text.CMP1_IRQHandler
                0x00000a70        0x8 ./startup/startup_mk64f12.o
                0x00000a70                CMP1_IRQHandler
 .text.FTM0_IRQHandler
                0x00000a78        0x8 ./startup/startup_mk64f12.o
                0x00000a78                FTM0_IRQHandler
 .text.FTM1_IRQHandler
                0x00000a80        0x8 ./startup/startup_mk64f12.o
                0x00000a80                FTM1_IRQHandler
 .text.FTM2_IRQHandler
                0x00000a88        0x8 ./startup/startup_mk64f12.o
                0x00000a88                FTM2_IRQHandler
 .text.CMT_IRQHandler
                0x00000a90        0x8 ./startup/startup_mk64f12.o
                0x00000a90                CMT_IRQHandler
 .text.RTC_IRQHandler
                0x00000a98        0x8 ./startup/startup_mk64f12.o
                0x00000a98                RTC_IRQHandler
 .text.RTC_Seconds_IRQHandler
                0x00000aa0        0x8 ./startup/startup_mk64f12.o
                0x00000aa0                RTC_Seconds_IRQHandler
 .text.PIT1_IRQHandler
                0x00000aa8        0x8 ./startup/startup_mk64f12.o
                0x00000aa8                PIT1_IRQHandler
 .text.PIT2_IRQHandler
                0x00000ab0        0x8 ./startup/startup_mk64f12.o
                0x00000ab0                PIT2_IRQHandler
 .text.PIT3_IRQHandler
                0x00000ab8        0x8 ./startup/startup_mk64f12.o
                0x00000ab8                PIT3_IRQHandler
 .text.PDB0_IRQHandler
                0x00000ac0        0x8 ./startup/startup_mk64f12.o
                0x00000ac0                PDB0_IRQHandler
 .text.USB0_IRQHandler
                0x00000ac8        0x8 ./startup/startup_mk64f12.o
                0x00000ac8                USB0_IRQHandler
 .text.USBDCD_IRQHandler
                0x00000ad0        0x8 ./startup/startup_mk64f12.o
                0x00000ad0                USBDCD_IRQHandler
 .text.Reserved71_IRQHandler
                0x00000ad8        0x8 ./startup/startup_mk64f12.o
                0x00000ad8                Reserved71_IRQHandler
 .text.DAC0_IRQHandler
                0x00000ae0        0x8 ./startup/startup_mk64f12.o
                0x00000ae0                DAC0_IRQHandler
 .text.MCG_IRQHandler
                0x00000ae8        0x8 ./startup/startup_mk64f12.o
                0x00000ae8                MCG_IRQHandler
 .text.LPTMR0_IRQHandler
                0x00000af0        0x8 ./startup/startup_mk64f12.o
                0x00000af0                LPTMR0_IRQHandler
 .text.PORTA_IRQHandler
                0x00000af8        0x8 ./startup/startup_mk64f12.o
                0x00000af8                PORTA_IRQHandler
 .text.PORTB_IRQHandler
                0x00000b00        0x8 ./startup/startup_mk64f12.o
                0x00000b00                PORTB_IRQHandler
 .text.PORTC_IRQHandler
                0x00000b08        0x8 ./startup/startup_mk64f12.o
                0x00000b08                PORTC_IRQHandler
 .text.PORTD_IRQHandler
                0x00000b10        0x8 ./startup/startup_mk64f12.o
                0x00000b10                PORTD_IRQHandler
 .text.PORTE_IRQHandler
                0x00000b18        0x8 ./startup/startup_mk64f12.o
                0x00000b18                PORTE_IRQHandler
 .text.SWI_IRQHandler
                0x00000b20        0x8 ./startup/startup_mk64f12.o
                0x00000b20                SWI_IRQHandler
 .text.SPI2_IRQHandler
                0x00000b28        0x8 ./startup/startup_mk64f12.o
                0x00000b28                SPI2_IRQHandler
 .text.UART4_RX_TX_IRQHandler
                0x00000b30        0x8 ./startup/startup_mk64f12.o
                0x00000b30                UART4_RX_TX_IRQHandler
 .text.UART4_ERR_IRQHandler
                0x00000b38        0x8 ./startup/startup_mk64f12.o
                0x00000b38                UART4_ERR_IRQHandler
 .text.UART5_RX_TX_IRQHandler
                0x00000b40        0x8 ./startup/startup_mk64f12.o
                0x00000b40                UART5_RX_TX_IRQHandler
 .text.UART5_ERR_IRQHandler
                0x00000b48        0x8 ./startup/startup_mk64f12.o
                0x00000b48                UART5_ERR_IRQHandler
 .text.CMP2_IRQHandler
                0x00000b50        0x8 ./startup/startup_mk64f12.o
                0x00000b50                CMP2_IRQHandler
 .text.FTM3_IRQHandler
                0x00000b58        0x8 ./startup/startup_mk64f12.o
                0x00000b58                FTM3_IRQHandler
 .text.DAC1_IRQHandler
                0x00000b60        0x8 ./startup/startup_mk64f12.o
                0x00000b60                DAC1_IRQHandler
 .text.ADC1_IRQHandler
                0x00000b68        0x8 ./startup/startup_mk64f12.o
                0x00000b68                ADC1_IRQHandler
 .text.I2C2_IRQHandler
                0x00000b70        0x8 ./startup/startup_mk64f12.o
                0x00000b70                I2C2_IRQHandler
 .text.CAN0_ORed_Message_buffer_IRQHandler
                0x00000b78        0x8 ./startup/startup_mk64f12.o
                0x00000b78                CAN0_ORed_Message_buffer_IRQHandler
 .text.CAN0_Bus_Off_IRQHandler
                0x00000b80        0x8 ./startup/startup_mk64f12.o
                0x00000b80                CAN0_Bus_Off_IRQHandler
 .text.CAN0_Error_IRQHandler
                0x00000b88        0x8 ./startup/startup_mk64f12.o
                0x00000b88                CAN0_Error_IRQHandler
 .text.CAN0_Tx_Warning_IRQHandler
                0x00000b90        0x8 ./startup/startup_mk64f12.o
                0x00000b90                CAN0_Tx_Warning_IRQHandler
 .text.CAN0_Rx_Warning_IRQHandler
                0x00000b98        0x8 ./startup/startup_mk64f12.o
                0x00000b98                CAN0_Rx_Warning_IRQHandler
 .text.CAN0_Wake_Up_IRQHandler
                0x00000ba0        0x8 ./startup/startup_mk64f12.o
                0x00000ba0                CAN0_Wake_Up_IRQHandler
 .text.SDHC_IRQHandler
                0x00000ba8        0x8 ./startup/startup_mk64f12.o
                0x00000ba8                SDHC_IRQHandler
 .text.ENET_1588_Timer_IRQHandler
                0x00000bb0        0x8 ./startup/startup_mk64f12.o
                0x00000bb0                ENET_1588_Timer_IRQHandler
 .text.ENET_Transmit_IRQHandler
                0x00000bb8        0x8 ./startup/startup_mk64f12.o
                0x00000bb8                ENET_Transmit_IRQHandler
 .text.ENET_Receive_IRQHandler
                0x00000bc0        0x8 ./startup/startup_mk64f12.o
                0x00000bc0                ENET_Receive_IRQHandler
 .text.ENET_Error_IRQHandler
                0x00000bc8        0x8 ./startup/startup_mk64f12.o
                0x00000bc8                ENET_Error_IRQHandler
 .text.NVIC_EnableIRQ
                0x00000bd0       0x34 ./source/main.o
 .text.EnableIRQ
                0x00000c04       0x28 ./source/main.o
 .text.GPIO_SetPinsOutput
                0x00000c2c       0x1c ./source/main.o
 .text.GPIO_ClearPinsOutput
                0x00000c48       0x1c ./source/main.o
 .text.PIT_GetDefaultConfig
                0x00000c64       0x28 ./source/main.o
 .text.PIT_EnableInterrupts
                0x00000c8c       0x3a ./source/main.o
 .text.PIT_ClearStatusFlags
                0x00000cc6       0x2a ./source/main.o
 .text.PIT_SetTimerPeriod
                0x00000cf0       0x28 ./source/main.o
 .text.PIT_StartTimer
                0x00000d18       0x38 ./source/main.o
 .text.FTM_SetSoftwareTrigger
                0x00000d50       0x38 ./source/main.o
 .text.DSPI_Enable
                0x00000d88       0x38 ./source/main.o
 .text.DSPI_ReadData
                0x00000dc0       0x18 ./source/main.o
 .text.short_delay
                0x00000dd8       0x2a ./source/main.o
                0x00000dd8                short_delay
 *fill*         0x00000e02        0x2 ff
 .text.update_duty_cycle
                0x00000e04       0x84 ./source/main.o
                0x00000e04                update_duty_cycle
 .text.zero_encoder
                0x00000e88       0xac ./source/main.o
                0x00000e88                zero_encoder
 .text.read_encoder
                0x00000f34       0xec ./source/main.o
                0x00000f34                read_encoder
 .text.PIT0_IRQHandler
                0x00001020       0x20 ./source/main.o
                0x00001020                PIT0_IRQHandler
 .text.pit_init
                0x00001040       0x84 ./source/main.o
                0x00001040                pit_init
 .text.avg      0x000010c4       0x70 ./source/main.o
                0x000010c4                avg
 .text.update_speed_buffer
                0x00001134       0x9c ./source/main.o
                0x00001134                update_speed_buffer
 .text.update_tdot_buffer
                0x000011d0       0x9c ./source/main.o
                0x000011d0                update_tdot_buffer
 .text.duty_correction
                0x0000126c       0x36 ./source/main.o
                0x0000126c                duty_correction
 *fill*         0x000012a2        0x2 ff
 .text.main     0x000012a4      0x240 ./source/main.o
                0x000012a4                main
 .text.HardFault_Handler
                0x000014e4       0x2a ./source/semihost_hardfault.o
                0x000014e4                HardFault_Handler
 .text.UART_WriteByte
                0x0000150e       0x1e ./source/uart_com.o
 .text.UART_ReadByte
                0x0000152c       0x1a ./source/uart_com.o
 *fill*         0x00001546        0x2 ff
 .text.tx_used  0x00001548       0x3c ./source/uart_com.o
                0x00001548                tx_used
 .text.UART0_RX_TX_IRQHandler
                0x00001584       0xfc ./source/uart_com.o
                0x00001584                UART0_RX_TX_IRQHandler
 .text.send_bin
                0x00001680       0x94 ./source/uart_com.o
                0x00001680                send_bin
 .text.send_int
                0x00001714       0x18 ./source/uart_com.o
                0x00001714                send_int
 .text.CLOCK_SetEr32kClock
                0x0000172c       0x30 ./drivers/fsl_clock.o
 .text.CLOCK_SetPllFllSelClock
                0x0000175c       0x3c ./drivers/fsl_clock.o
 .text.OSC_SetExtRefClkConfig
                0x00001798       0x34 ./drivers/fsl_clock.o
 .text.OSC_SetCapLoad
                0x000017cc       0x34 ./drivers/fsl_clock.o
 .text.CLOCK_GetMcgExtClkFreq
                0x00001800       0x78 ./drivers/fsl_clock.o
 .text.CLOCK_GetFllExtRefClkFreq
                0x00001878       0xcc ./drivers/fsl_clock.o
 .text.CLOCK_GetInternalRefClkSelectFreq
                0x00001944       0x44 ./drivers/fsl_clock.o
 .text.CLOCK_GetFllRefClkFreq
                0x00001988       0x2c ./drivers/fsl_clock.o
 .text.CLOCK_GetPll0RefFreq
                0x000019b4        0xe ./drivers/fsl_clock.o
 *fill*         0x000019c2        0x2 ff
 .text.CLOCK_GetOscRangeFromFreq
                0x000019c4       0x3c ./drivers/fsl_clock.o
 .text.CLOCK_GetOsc0ErClkFreq
                0x00001a00       0x38 ./drivers/fsl_clock.o
                0x00001a00                CLOCK_GetOsc0ErClkFreq
 .text.CLOCK_GetEr32kClkFreq
                0x00001a38       0x70 ./drivers/fsl_clock.o
                0x00001a38                CLOCK_GetEr32kClkFreq
 .text.CLOCK_GetPllFllSelClkFreq
                0x00001aa8       0x54 ./drivers/fsl_clock.o
                0x00001aa8                CLOCK_GetPllFllSelClkFreq
 .text.CLOCK_GetFreq
                0x00001afc      0x148 ./drivers/fsl_clock.o
                0x00001afc                CLOCK_GetFreq
 .text.CLOCK_SetSimConfig
                0x00001c44       0x38 ./drivers/fsl_clock.o
                0x00001c44                CLOCK_SetSimConfig
 .text.CLOCK_GetOutClkFreq
                0x00001c7c       0x64 ./drivers/fsl_clock.o
                0x00001c7c                CLOCK_GetOutClkFreq
 .text.CLOCK_GetFllFreq
                0x00001ce0       0x7c ./drivers/fsl_clock.o
                0x00001ce0                CLOCK_GetFllFreq
 .text.CLOCK_GetInternalRefClkFreq
                0x00001d5c       0x24 ./drivers/fsl_clock.o
                0x00001d5c                CLOCK_GetInternalRefClkFreq
 .text.CLOCK_GetFixedFreqClkFreq
                0x00001d80       0x2e ./drivers/fsl_clock.o
                0x00001d80                CLOCK_GetFixedFreqClkFreq
 *fill*         0x00001dae        0x2 ff
 .text.CLOCK_GetPll0Freq
                0x00001db0       0x68 ./drivers/fsl_clock.o
                0x00001db0                CLOCK_GetPll0Freq
 .text.CLOCK_SetExternalRefClkConfig
                0x00001e18       0x6c ./drivers/fsl_clock.o
                0x00001e18                CLOCK_SetExternalRefClkConfig
 .text.CLOCK_SetInternalRefClkConfig
                0x00001e84      0x104 ./drivers/fsl_clock.o
                0x00001e84                CLOCK_SetInternalRefClkConfig
 .text.CLOCK_EnablePll0
                0x00001f88       0x84 ./drivers/fsl_clock.o
                0x00001f88                CLOCK_EnablePll0
 .text.CLOCK_InitOsc0
                0x0000200c       0x8c ./drivers/fsl_clock.o
                0x0000200c                CLOCK_InitOsc0
 .text.CLOCK_SetPbeMode
                0x00002098       0xa8 ./drivers/fsl_clock.o
                0x00002098                CLOCK_SetPbeMode
 .text.CLOCK_BootToPeeMode
                0x00002140       0x64 ./drivers/fsl_clock.o
                0x00002140                CLOCK_BootToPeeMode
 .text.__assertion_failed
                0x000021a4       0x18 ./drivers/fsl_common.o
                0x000021a4                __assertion_failed
 .text.CLOCK_EnableClock
                0x000021bc       0x36 ./drivers/fsl_dspi.o
 .text.DSPI_Enable
                0x000021f2       0x38 ./drivers/fsl_dspi.o
 .text.DSPI_GetStatusFlags
                0x0000222a       0x18 ./drivers/fsl_dspi.o
 .text.DSPI_ClearStatusFlags
                0x00002242       0x1c ./drivers/fsl_dspi.o
 .text.DSPI_SetMasterSlaveMode
                0x0000225e       0x2a ./drivers/fsl_dspi.o
 .text.DSPI_IsMaster
                0x00002288       0x1c ./drivers/fsl_dspi.o
 .text.DSPI_StartTransfer
                0x000022a4       0x20 ./drivers/fsl_dspi.o
 .text.DSPI_StopTransfer
                0x000022c4       0x20 ./drivers/fsl_dspi.o
 .text.DSPI_GetInstance
                0x000022e4       0x4c ./drivers/fsl_dspi.o
                0x000022e4                DSPI_GetInstance
 .text.DSPI_MasterInit
                0x00002330      0x164 ./drivers/fsl_dspi.o
                0x00002330                DSPI_MasterInit
 .text.DSPI_MasterGetDefaultConfig
                0x00002494       0x88 ./drivers/fsl_dspi.o
                0x00002494                DSPI_MasterGetDefaultConfig
 .text.DSPI_SetOnePcsPolarity
                0x0000251c       0x4e ./drivers/fsl_dspi.o
 *fill*         0x0000256a        0x2 ff
 .text.DSPI_MasterSetBaudRate
                0x0000256c      0x120 ./drivers/fsl_dspi.o
                0x0000256c                DSPI_MasterSetBaudRate
 .text.DSPI_MasterSetDelayScaler
                0x0000268c       0xd2 ./drivers/fsl_dspi.o
                0x0000268c                DSPI_MasterSetDelayScaler
 *fill*         0x0000275e        0x2 ff
 .text.DSPI_MasterSetDelayTimes
                0x00002760      0x128 ./drivers/fsl_dspi.o
                0x00002760                DSPI_MasterSetDelayTimes
 .text.DSPI_GetDefaultDataCommandConfig
                0x00002888       0x40 ./drivers/fsl_dspi.o
                0x00002888                DSPI_GetDefaultDataCommandConfig
 .text.DSPI_MasterWriteDataBlocking
                0x000028c8       0xa4 ./drivers/fsl_dspi.o
                0x000028c8                DSPI_MasterWriteDataBlocking
 .text.DSPI_CommonIRQHandler
                0x0000296c       0x3c ./drivers/fsl_dspi.o
 .text.SPI0_DriverIRQHandler
                0x000029a8       0x30 ./drivers/fsl_dspi.o
                0x000029a8                SPI0_DriverIRQHandler
 .text.SPI1_DriverIRQHandler
                0x000029d8       0x30 ./drivers/fsl_dspi.o
                0x000029d8                SPI1_DriverIRQHandler
 .text.SPI2_DriverIRQHandler
                0x00002a08       0x30 ./drivers/fsl_dspi.o
                0x00002a08                SPI2_DriverIRQHandler
 .text.CLOCK_EnableClock
                0x00002a38       0x36 ./drivers/fsl_ftm.o
 *fill*         0x00002a6e        0x2 ff
 .text.FTM_GetInstance
                0x00002a70       0x54 ./drivers/fsl_ftm.o
 .text.FTM_SetPwmSync
                0x00002ac4      0x11c ./drivers/fsl_ftm.o
 .text.FTM_SetReloadPoints
                0x00002be0      0x174 ./drivers/fsl_ftm.o
 .text.FTM_Init
                0x00002d54       0xf4 ./drivers/fsl_ftm.o
                0x00002d54                FTM_Init
 .text.FTM_SetupPwm
                0x00002e48      0x2fc ./drivers/fsl_ftm.o
                0x00002e48                FTM_SetupPwm
 .text.FTM_UpdatePwmDutycycle
                0x00003144      0x10c ./drivers/fsl_ftm.o
                0x00003144                FTM_UpdatePwmDutycycle
 .text.FTM_UpdateChnlEdgeLevelSelect
                0x00003250       0x4e ./drivers/fsl_ftm.o
                0x00003250                FTM_UpdateChnlEdgeLevelSelect
 .text.GPIO_WritePinOutput
                0x0000329e       0x36 ./drivers/fsl_gpio.o
 .text.GPIO_PinInit
                0x000032d4       0x64 ./drivers/fsl_gpio.o
                0x000032d4                GPIO_PinInit
 .text.CLOCK_EnableClock
                0x00003338       0x36 ./drivers/fsl_pit.o
 *fill*         0x0000336e        0x2 ff
 .text.PIT_GetInstance
                0x00003370       0x44 ./drivers/fsl_pit.o
 .text.PIT_Init
                0x000033b4       0x64 ./drivers/fsl_pit.o
                0x000033b4                PIT_Init
 .text.CLOCK_EnableClock
                0x00003418       0x36 ./drivers/fsl_uart.o
 *fill*         0x0000344e        0x2 ff
 .text.UART_GetInstance
                0x00003450       0x54 ./drivers/fsl_uart.o
                0x00003450                UART_GetInstance
 .text.UART_Init
                0x000034a4      0x294 ./drivers/fsl_uart.o
                0x000034a4                UART_Init
 .text.UART_EnableInterrupts
                0x00003738       0x70 ./drivers/fsl_uart.o
                0x00003738                UART_EnableInterrupts
 .text.UART_DisableInterrupts
                0x000037a8       0x80 ./drivers/fsl_uart.o
                0x000037a8                UART_DisableInterrupts
 .text.UART_GetStatusFlags
                0x00003828       0x46 ./drivers/fsl_uart.o
                0x00003828                UART_GetStatusFlags
 *fill*         0x0000386e        0x2 ff
 .text.UART1_DriverIRQHandler
                0x00003870       0x24 ./drivers/fsl_uart.o
                0x00003870                UART1_DriverIRQHandler
 .text.UART1_RX_TX_DriverIRQHandler
                0x00003894        0xc ./drivers/fsl_uart.o
                0x00003894                UART1_RX_TX_DriverIRQHandler
 .text.UART2_DriverIRQHandler
                0x000038a0       0x24 ./drivers/fsl_uart.o
                0x000038a0                UART2_DriverIRQHandler
 .text.UART2_RX_TX_DriverIRQHandler
                0x000038c4        0xc ./drivers/fsl_uart.o
                0x000038c4                UART2_RX_TX_DriverIRQHandler
 .text.UART3_DriverIRQHandler
                0x000038d0       0x24 ./drivers/fsl_uart.o
                0x000038d0                UART3_DriverIRQHandler
 .text.UART3_RX_TX_DriverIRQHandler
                0x000038f4        0xc ./drivers/fsl_uart.o
                0x000038f4                UART3_RX_TX_DriverIRQHandler
 .text.UART4_DriverIRQHandler
                0x00003900       0x24 ./drivers/fsl_uart.o
                0x00003900                UART4_DriverIRQHandler
 .text.UART4_RX_TX_DriverIRQHandler
                0x00003924        0xc ./drivers/fsl_uart.o
                0x00003924                UART4_RX_TX_DriverIRQHandler
 .text.UART5_DriverIRQHandler
                0x00003930       0x24 ./drivers/fsl_uart.o
                0x00003930                UART5_DriverIRQHandler
 .text.UART5_RX_TX_DriverIRQHandler
                0x00003954        0xc ./drivers/fsl_uart.o
                0x00003954                UART5_RX_TX_DriverIRQHandler
 .text.CLOCK_SetSimSafeDivs
                0x00003960       0x20 ./board/clock_config.o
 .text.CLOCK_SetXtal0Freq
                0x00003980       0x20 ./board/clock_config.o
 .text.CLOCK_CONFIG_SetFllExtRefDiv
                0x000039a0       0x3c ./board/clock_config.o
 .text.BOARD_InitBootClocks
                0x000039dc        0xc ./board/clock_config.o
                0x000039dc                BOARD_InitBootClocks
 .text.BOARD_BootClockRUN
                0x000039e8       0x60 ./board/clock_config.o
                0x000039e8                BOARD_BootClockRUN
 .text.NVIC_EnableIRQ
                0x00003a48       0x34 ./board/peripherals.o
 .text.EnableIRQ
                0x00003a7c       0x28 ./board/peripherals.o
 .text.FTM_StartTimer
                0x00003aa4       0x3a ./board/peripherals.o
 *fill*         0x00003ade        0x2 ff
 .text.MY_PWM_init
                0x00003ae0       0x44 ./board/peripherals.o
                0x00003ae0                MY_PWM_init
 .text.DSPI_1_init
                0x00003b24       0x24 ./board/peripherals.o
                0x00003b24                DSPI_1_init
 .text.UART_1_init
                0x00003b48       0x34 ./board/peripherals.o
                0x00003b48                UART_1_init
 .text.BOARD_InitPeripherals
                0x00003b7c       0x14 ./board/peripherals.o
                0x00003b7c                BOARD_InitPeripherals
 .text.BOARD_InitBootPeripherals
                0x00003b90        0xc ./board/peripherals.o
                0x00003b90                BOARD_InitBootPeripherals
 .text.CLOCK_EnableClock
                0x00003b9c       0x36 ./board/pin_mux.o
 .text.PORT_SetPinMux
                0x00003bd2       0x3a ./board/pin_mux.o
 .text.BOARD_InitBootPins
                0x00003c0c        0xc ./board/pin_mux.o
                0x00003c0c                BOARD_InitBootPins
 .text.BOARD_InitPins
                0x00003c18       0xcc ./board/pin_mux.o
                0x00003c18                BOARD_InitPins
 .text.SystemInit
                0x00003ce4       0x40 ./CMSIS/system_MK64F12.o
                0x00003ce4                SystemInit
 .text.__main   0x00003d24        0xe c:/nxp/mcuxpressoide_10.1.0_589/ide/tools/bin/../lib/gcc/arm-none-eabi/6.3.1/../../../../arm-none-eabi/lib/thumb/v7e-m/fpv4-sp/hard\libcr_nohost_nf.a(_cr__main.o)
                0x00003d24                __main
 .text.memset   0x00003d32        0x4 c:/nxp/mcuxpressoide_10.1.0_589/ide/tools/bin/../lib/gcc/arm-none-eabi/6.3.1/../../../../arm-none-eabi/lib/thumb/v7e-m/fpv4-sp/hard\libcr_c.a(memset.o)
                0x00003d32                memset
 *fill*         0x00003d36        0x2 ff
 .text._initio  0x00003d38       0x78 c:/nxp/mcuxpressoide_10.1.0_589/ide/tools/bin/../lib/gcc/arm-none-eabi/6.3.1/../../../../arm-none-eabi/lib/thumb/v7e-m/fpv4-sp/hard\libcr_c.a(initio.o)
                0x00003d38                _initio
 .text.setvbuf  0x00003db0       0x40 c:/nxp/mcuxpressoide_10.1.0_589/ide/tools/bin/../lib/gcc/arm-none-eabi/6.3.1/../../../../arm-none-eabi/lib/thumb/v7e-m/fpv4-sp/hard\libcr_c.a(setvbuf.o)
                0x00003db0                setvbuf
 .text.abs      0x00003df0        0x8 c:/nxp/mcuxpressoide_10.1.0_589/ide/tools/bin/../lib/gcc/arm-none-eabi/6.3.1/../../../../arm-none-eabi/lib/thumb/v7e-m/fpv4-sp/hard\libcr_c.a(stdlib.o)
                0x00003df0                abs
 .text.strlen   0x00003df8       0x4a c:/nxp/mcuxpressoide_10.1.0_589/ide/tools/bin/../lib/gcc/arm-none-eabi/6.3.1/../../../../arm-none-eabi/lib/thumb/v7e-m/fpv4-sp/hard\libcr_c.a(strlen.o)
                0x00003df8                strlen
 .text._fdopen  0x00003e42       0x68 c:/nxp/mcuxpressoide_10.1.0_589/ide/tools/bin/../lib/gcc/arm-none-eabi/6.3.1/../../../../arm-none-eabi/lib/thumb/v7e-m/fpv4-sp/hard\libcr_c.a(_fdopen.o)
                0x00003e42                _fdopen
 .text.fclose   0x00003eaa       0x58 c:/nxp/mcuxpressoide_10.1.0_589/ide/tools/bin/../lib/gcc/arm-none-eabi/6.3.1/../../../../arm-none-eabi/lib/thumb/v7e-m/fpv4-sp/hard\libcr_c.a(fclose.o)
                0x00003eaa                fclose
 *fill*         0x00003f02        0x2 ff
 .text.fflush   0x00003f04       0x44 c:/nxp/mcuxpressoide_10.1.0_589/ide/tools/bin/../lib/gcc/arm-none-eabi/6.3.1/../../../../arm-none-eabi/lib/thumb/v7e-m/fpv4-sp/hard\libcr_c.a(fflush.o)
                0x00003f04                fflush
 .text.fseek    0x00003f48      0x100 c:/nxp/mcuxpressoide_10.1.0_589/ide/tools/bin/../lib/gcc/arm-none-eabi/6.3.1/../../../../arm-none-eabi/lib/thumb/v7e-m/fpv4-sp/hard\libcr_c.a(fseek.o)
                0x00003f48                fseek
 .text.ftell    0x00004048       0x48 c:/nxp/mcuxpressoide_10.1.0_589/ide/tools/bin/../lib/gcc/arm-none-eabi/6.3.1/../../../../arm-none-eabi/lib/thumb/v7e-m/fpv4-sp/hard\libcr_c.a(ftell.o)
                0x00004048                ftell
 .text.remove   0x00004090       0x14 c:/nxp/mcuxpressoide_10.1.0_589/ide/tools/bin/../lib/gcc/arm-none-eabi/6.3.1/../../../../arm-none-eabi/lib/thumb/v7e-m/fpv4-sp/hard\libcr_c.a(remove.o)
                0x00004090                remove
 .text._do_fflush
                0x000040a4       0x40 c:/nxp/mcuxpressoide_10.1.0_589/ide/tools/bin/../lib/gcc/arm-none-eabi/6.3.1/../../../../arm-none-eabi/lib/thumb/v7e-m/fpv4-sp/hard\libcr_c.a(_do_fflush.o)
                0x000040a4                _do_fflush
 .text._fflush  0x000040e4       0x54 c:/nxp/mcuxpressoide_10.1.0_589/ide/tools/bin/../lib/gcc/arm-none-eabi/6.3.1/../../../../arm-none-eabi/lib/thumb/v7e-m/fpv4-sp/hard\libcr_c.a(_fflush.o)
                0x000040e4                _fflush
 .text._Cwritebuf
                0x00004138       0x6c c:/nxp/mcuxpressoide_10.1.0_589/ide/tools/bin/../lib/gcc/arm-none-eabi/6.3.1/../../../../arm-none-eabi/lib/thumb/v7e-m/fpv4-sp/hard\libcr_c.a(_writebuf.o)
                0x00004138                _Cwritebuf
 .text.free     0x000041a4       0x30 c:/nxp/mcuxpressoide_10.1.0_589/ide/tools/bin/../lib/gcc/arm-none-eabi/6.3.1/../../../../arm-none-eabi/lib/thumb/v7e-m/fpv4-sp/hard\libcr_c.a(alloc.o)
                0x000041a4                free
 .text._deferredlazyseek
                0x000041d4       0x40 c:/nxp/mcuxpressoide_10.1.0_589/ide/tools/bin/../lib/gcc/arm-none-eabi/6.3.1/../../../../arm-none-eabi/lib/thumb/v7e-m/fpv4-sp/hard\libcr_c.a(_deferredlazyseek.o)
                0x000041d4                _deferredlazyseek
 .text.__aeabi_division_uldivmod
                0x00004214      0x174 c:/nxp/mcuxpressoide_10.1.0_589/ide/tools/bin/../lib/gcc/arm-none-eabi/6.3.1/thumb/v7e-m/fpv4-sp/hard\libcr_eabihelpers.a(division_64.o)
                0x00004214                __aeabi_uldivmod
                0x00004218                __bhs_ldivmod1
 .text.__aeabi_division_idiv0
                0x00004388        0x2 c:/nxp/mcuxpressoide_10.1.0_589/ide/tools/bin/../lib/gcc/arm-none-eabi/6.3.1/thumb/v7e-m/fpv4-sp/hard\libcr_eabihelpers.a(division_idiv0.o)
                0x00004388                __aeabi_idiv0
 .text.__aeabi_memset_lowlevel
                0x0000438a       0x32 c:/nxp/mcuxpressoide_10.1.0_589/ide/tools/bin/../lib/gcc/arm-none-eabi/6.3.1/thumb/v7e-m/fpv4-sp/hard\libcr_eabihelpers.a(memcpy.o)
                0x0000438a                __aeabi_lowlevel_memset
 .text.__sys_close
                0x000043bc        0x6 c:/nxp/mcuxpressoide_10.1.0_589/ide/tools/bin/../lib/gcc/arm-none-eabi/6.3.1/../../../../arm-none-eabi/lib/thumb/v7e-m/fpv4-sp/hard\libcr_nohost_nf.a(__sys_close.o)
                0x000043bc                __sys_close
 .text.__sys_flen
                0x000043c2        0x6 c:/nxp/mcuxpressoide_10.1.0_589/ide/tools/bin/../lib/gcc/arm-none-eabi/6.3.1/../../../../arm-none-eabi/lib/thumb/v7e-m/fpv4-sp/hard\libcr_nohost_nf.a(__sys_flen.o)
                0x000043c2                __sys_flen
 .text.__sys_istty
                0x000043c8        0x6 c:/nxp/mcuxpressoide_10.1.0_589/ide/tools/bin/../lib/gcc/arm-none-eabi/6.3.1/../../../../arm-none-eabi/lib/thumb/v7e-m/fpv4-sp/hard\libcr_nohost_nf.a(__sys_istty.o)
                0x000043c8                __sys_istty
 .text.__sys_remove
                0x000043ce        0x6 c:/nxp/mcuxpressoide_10.1.0_589/ide/tools/bin/../lib/gcc/arm-none-eabi/6.3.1/../../../../arm-none-eabi/lib/thumb/v7e-m/fpv4-sp/hard\libcr_nohost_nf.a(__sys_remove.o)
                0x000043ce                __sys_remove
 .text.__sys_seek
                0x000043d4        0x6 c:/nxp/mcuxpressoide_10.1.0_589/ide/tools/bin/../lib/gcc/arm-none-eabi/6.3.1/../../../../arm-none-eabi/lib/thumb/v7e-m/fpv4-sp/hard\libcr_nohost_nf.a(__sys_seek.o)
                0x000043d4                __sys_seek
 .text.__sys_tmpnam
                0x000043da        0x6 c:/nxp/mcuxpressoide_10.1.0_589/ide/tools/bin/../lib/gcc/arm-none-eabi/6.3.1/../../../../arm-none-eabi/lib/thumb/v7e-m/fpv4-sp/hard\libcr_nohost_nf.a(__sys_tmpnam.o)
                0x000043da                __sys_tmpnam
 .text.__sys_write
                0x000043e0        0x4 c:/nxp/mcuxpressoide_10.1.0_589/ide/tools/bin/../lib/gcc/arm-none-eabi/6.3.1/../../../../arm-none-eabi/lib/thumb/v7e-m/fpv4-sp/hard\libcr_nohost_nf.a(__sys_write.o)
                0x000043e0                __sys_write
 *(.rodata .rodata.* .constdata .constdata.*)
 .rodata        0x000043e4       0x70 ./source/main.o
 .rodata        0x00004454      0x149 ./drivers/fsl_clock.o
 *fill*         0x0000459d        0x3 ff
 .rodata.fllFactorTable.7468
                0x000045a0       0x10 ./drivers/fsl_clock.o
 .rodata        0x000045b0        0x4 ./drivers/fsl_common.o
 .rodata.s_baudratePrescaler
                0x000045b4       0x10 ./drivers/fsl_dspi.o
 .rodata.s_baudrateScaler
                0x000045c4       0x40 ./drivers/fsl_dspi.o
 .rodata.s_delayPrescaler
                0x00004604       0x10 ./drivers/fsl_dspi.o
 .rodata.s_delayScaler
                0x00004614       0x40 ./drivers/fsl_dspi.o
 .rodata.s_dspiBases
                0x00004654        0xc ./drivers/fsl_dspi.o
 .rodata.s_dspiClock
                0x00004660        0xc ./drivers/fsl_dspi.o
 .rodata        0x0000466c      0x49d ./drivers/fsl_dspi.o
 *fill*         0x00004b09        0x3 ff
 .rodata.s_ftmBases
                0x00004b0c       0x10 ./drivers/fsl_ftm.o
 .rodata.s_ftmClocks
                0x00004b1c       0x10 ./drivers/fsl_ftm.o
 .rodata        0x00004b2c      0x1e7 ./drivers/fsl_ftm.o
 *fill*         0x00004d13        0x1 ff
 .rodata        0x00004d14       0x62 ./drivers/fsl_gpio.o
 *fill*         0x00004d76        0x2 ff
 .rodata        0x00004d78       0x5d ./drivers/fsl_pit.o
 *fill*         0x00004dd5        0x3 ff
 .rodata.s_uartBases
                0x00004dd8       0x18 ./drivers/fsl_uart.o
 .rodata.s_uartClock
                0x00004df0       0x18 ./drivers/fsl_uart.o
 .rodata        0x00004e08      0x513 ./drivers/fsl_uart.o
 *fill*         0x0000531b        0x1 ff
 .rodata.mcgConfig_BOARD_BootClockRUN
                0x0000531c        0xb ./board/clock_config.o
                0x0000531c                mcgConfig_BOARD_BootClockRUN
 *fill*         0x00005327        0x1 ff
 .rodata.simConfig_BOARD_BootClockRUN
                0x00005328        0x8 ./board/clock_config.o
                0x00005328                simConfig_BOARD_BootClockRUN
 .rodata.oscConfig_BOARD_BootClockRUN
                0x00005330        0x8 ./board/clock_config.o
                0x00005330                oscConfig_BOARD_BootClockRUN
 .rodata.MY_PWM_config
                0x00005338       0x1c ./board/peripherals.o
                0x00005338                MY_PWM_config
 .rodata.MY_PWM_pwmSignalParams
                0x00005354        0x4 ./board/peripherals.o
                0x00005354                MY_PWM_pwmSignalParams
 .rodata.DSPI_1_config
                0x00005358       0x24 ./board/peripherals.o
                0x00005358                DSPI_1_config
 .rodata.UART_1_config
                0x0000537c        0xc ./board/peripherals.o
                0x0000537c                UART_1_config
 .rodata._initio.str1.1
                0x00005388        0x4 c:/nxp/mcuxpressoide_10.1.0_589/ide/tools/bin/../lib/gcc/arm-none-eabi/6.3.1/../../../../arm-none-eabi/lib/thumb/v7e-m/fpv4-sp/hard\libcr_c.a(initio.o)
 .rodata.__num_Ciob_streams
                0x0000538c        0x4 c:/nxp/mcuxpressoide_10.1.0_589/ide/tools/bin/../lib/gcc/arm-none-eabi/6.3.1/../../../../arm-none-eabi/lib/thumb/v7e-m/fpv4-sp/hard\libcr_nohost_nf.a(__ciob.o)
                0x0000538c                __num_Ciob_streams
                0x00005390                . = ALIGN (0x4)

.glue_7         0x00005390        0x0
 .glue_7        0x00005390        0x0 linker stubs

.glue_7t        0x00005390        0x0
 .glue_7t       0x00005390        0x0 linker stubs

.vfp11_veneer   0x00005390        0x0
 .vfp11_veneer  0x00005390        0x0 linker stubs

.v4_bx          0x00005390        0x0
 .v4_bx         0x00005390        0x0 linker stubs

.iplt           0x00005390        0x0
 .iplt          0x00005390        0x0 ./utilities/fsl_debug_console.o

.rel.dyn        0x00005390        0x0
 .rel.iplt      0x00005390        0x0 ./utilities/fsl_debug_console.o

.ARM.extab
 *(.ARM.extab* .gnu.linkonce.armextab.*)
                0x00005390                __exidx_start = .

.ARM.exidx
 *(.ARM.exidx* .gnu.linkonce.armexidx.*)
                0x00005390                __exidx_end = .
                0x00005390                _etext = .

.m_usb_data
 *(m_usb_bdt)

.data_RAM2      0x1fff0000        0x0 load address 0x00005390
 FILL mask 0xff
                [!provide]                PROVIDE (__start_data_RAM2, .)
 *(.ramfunc.$RAM2)
 *(.ramfunc.$SRAM_LOWER)
 *(.data.$RAM2*)
 *(.data.$SRAM_LOWER*)
                0x1fff0000                . = ALIGN (0x4)
                [!provide]                PROVIDE (__end_data_RAM2, .)

.data_RAM3      0x14000000        0x0 load address 0x00005390
 FILL mask 0xff
                [!provide]                PROVIDE (__start_data_RAM3, .)
 *(.ramfunc.$RAM3)
 *(.ramfunc.$FLEX_RAM)
 *(.data.$RAM3*)
 *(.data.$FLEX_RAM*)
                0x14000000                . = ALIGN (0x4)
                [!provide]                PROVIDE (__end_data_RAM3, .)

.uninit_RESERVED
                0x20000000        0x0
 *(.bss.$RESERVED*)
                0x20000000                . = ALIGN (0x4)
                0x20000000                _end_uninit_RESERVED = .

.data           0x20000000       0x20 load address 0x00005390
 FILL mask 0xff
                0x20000000                _data = .
 *(vtable)
 *(.ramfunc*)
 *(.data*)
 .data.ts       0x20000000        0x4 ./source/main.o
                0x20000000                ts
 .data.k1       0x20000004        0x4 ./source/main.o
                0x20000004                k1
 .data.k2       0x20000008        0x4 ./source/main.o
                0x20000008                k2
 .data.k3       0x2000000c        0x4 ./source/main.o
                0x2000000c                k3
 .data.zero_correction
                0x20000010        0x4 ./source/main.o
                0x20000010                zero_correction
 .data.s_slowIrcFreq
                0x20000014        0x4 ./drivers/fsl_clock.o
 .data.s_fastIrcFreq
                0x20000018        0x4 ./drivers/fsl_clock.o
 .data.SystemCoreClock
                0x2000001c        0x4 ./CMSIS/system_MK64F12.o
                0x2000001c                SystemCoreClock
                0x20000020                . = ALIGN (0x4)
                0x20000020                _edata = .

.igot.plt       0x20000020        0x0 load address 0x000053b0
 .igot.plt      0x20000020        0x0 ./utilities/fsl_debug_console.o

.bss_RAM2       0x1fff0000        0x0
                [!provide]                PROVIDE (__start_bss_RAM2, .)
 *(.bss.$RAM2*)
 *(.bss.$SRAM_LOWER*)
                0x1fff0000                . = ALIGN ((. != 0x0)?0x4:0x1)
                [!provide]                PROVIDE (__end_bss_RAM2, .)

.bss_RAM3       0x14000000        0x0
                [!provide]                PROVIDE (__start_bss_RAM3, .)
 *(.bss.$RAM3*)
 *(.bss.$FLEX_RAM*)
                0x14000000                . = ALIGN ((. != 0x0)?0x4:0x1)
                [!provide]                PROVIDE (__end_bss_RAM3, .)

.bss            0x20000020      0x520
                0x20000020                _bss = .
 *(.bss*)
 .bss.s_debugConsole
                0x20000020       0x10 ./utilities/fsl_debug_console.o
 .bss.ts_flag   0x20000030        0x1 ./source/main.o
                0x20000030                ts_flag
 *fill*         0x20000031        0x1 
 .bss.prev_speed_pos
                0x20000032        0x2 ./source/main.o
                0x20000032                prev_speed_pos
 .bss.prev_tdot_pos
                0x20000034        0x2 ./source/main.o
                0x20000034                prev_tdot_pos
 *fill*         0x20000036        0x2 
 .bss.speed_buffer
                0x20000038        0x4 ./source/main.o
                0x20000038                speed_buffer
 .bss.speed_head
                0x2000003c        0x1 ./source/main.o
                0x2000003c                speed_head
 *fill*         0x2000003d        0x3 
 .bss.tdot_buffer
                0x20000040        0x4 ./source/main.o
                0x20000040                tdot_buffer
 .bss.tdot_head
                0x20000044        0x1 ./source/main.o
                0x20000044                tdot_head
 *fill*         0x20000045        0x3 
 .bss.tx_buffer
                0x20000048      0x200 ./source/uart_com.o
                0x20000048                tx_buffer
 .bss.rx_buffer
                0x20000248      0x200 ./source/uart_com.o
                0x20000248                rx_buffer
 .bss.tx_base   0x20000448        0x2 ./source/uart_com.o
                0x20000448                tx_base
 .bss.rx_base   0x2000044a        0x2 ./source/uart_com.o
                0x2000044a                rx_base
 .bss.tx_head   0x2000044c        0x2 ./source/uart_com.o
                0x2000044c                tx_head
 .bss.rx_head   0x2000044e        0x2 ./source/uart_com.o
                0x2000044e                rx_head
 .bss.g_xtal0Freq
                0x20000450        0x4 ./drivers/fsl_clock.o
                0x20000450                g_xtal0Freq
 .bss.g_xtal32Freq
                0x20000454        0x4 ./drivers/fsl_clock.o
                0x20000454                g_xtal32Freq
 .bss.g_dspiHandle
                0x20000458        0xc ./drivers/fsl_dspi.o
 .bss.s_dspiMasterIsr
                0x20000464        0x4 ./drivers/fsl_dspi.o
 .bss.s_dspiSlaveIsr
                0x20000468        0x4 ./drivers/fsl_dspi.o
 .bss.s_uartHandle
                0x2000046c       0x18 ./drivers/fsl_uart.o
 .bss.s_uartIsr
                0x20000484        0x4 ./drivers/fsl_uart.o
 .bss.errno     0x20000488        0x4 c:/nxp/mcuxpressoide_10.1.0_589/ide/tools/bin/../lib/gcc/arm-none-eabi/6.3.1/../../../../arm-none-eabi/lib/thumb/v7e-m/fpv4-sp/hard\libcr_c.a(errno.o)
                0x20000488                errno
 .bss.__Ciob    0x2000048c       0xb4 c:/nxp/mcuxpressoide_10.1.0_589/ide/tools/bin/../lib/gcc/arm-none-eabi/6.3.1/../../../../arm-none-eabi/lib/thumb/v7e-m/fpv4-sp/hard\libcr_nohost_nf.a(__ciob.o)
                0x2000048c                __Ciob
 *(COMMON)
                0x20000540                . = ALIGN (0x4)
                0x20000540                _ebss = .
                [!provide]                PROVIDE (end, .)

.noinit_RAM2    0x1fff0000        0x0
 *(.noinit.$RAM2*)
 *(.noinit.$SRAM_LOWER*)
                0x1fff0000                . = ALIGN (0x4)

.noinit_RAM3    0x14000000        0x0
 *(.noinit.$RAM3*)
 *(.noinit.$FLEX_RAM*)
                0x14000000                . = ALIGN (0x4)

.noinit         0x20000540        0x0
                0x20000540                _noinit = .
 *(.noinit*)
                0x20000540                . = ALIGN (0x4)
                0x20000540                _end_noinit = .
                0x00001000                _HeapSize = 0x1000

.heap           0x20000540     0x1000
                0x20000540                _pvHeapStart = .
                0x20001540                . = (. + _HeapSize)
 *fill*         0x20000540     0x1000 
                0x20001540                . = ALIGN (0x4)
                0x20001540                _pvHeapLimit = .
                0x00001000                _StackSize = 0x1000

.heap2stackfill
                0x20001540     0x1000
                0x20002540                . = (. + _StackSize)
 *fill*         0x20001540     0x1000 

.stack          0x2002f000        0x0
                0x2002f000                _vStackBase = .
                0x2002f000                . = ALIGN (0x4)
                0x20030000                _vStackTop = (. + _StackSize)
                0x00000000                _image_start = LOADADDR (.text)
                0x000053b0                _image_end = (LOADADDR (.data) + SIZEOF (.data))
                0x000053b0                _image_size = (_image_end - _image_start)
OUTPUT(pendulum_control_v1.axf elf32-littlearm)

.debug_info     0x00000000     0xebeb
 .debug_info    0x00000000      0xd2d ./utilities/fsl_debug_console.o
 .debug_info    0x00000d2d      0x8b7 ./startup/startup_mk64f12.o
 .debug_info    0x000015e4     0x1df7 ./source/main.o
 .debug_info    0x000033db       0x3b ./source/semihost_hardfault.o
 .debug_info    0x00003416      0xd44 ./source/uart_com.o
 .debug_info    0x0000415a     0x1e71 ./drivers/fsl_clock.o
 .debug_info    0x00005fcb      0x6ab ./drivers/fsl_common.o
 .debug_info    0x00006676     0x2039 ./drivers/fsl_dspi.o
 .debug_info    0x000086af     0x12f0 ./drivers/fsl_ftm.o
 .debug_info    0x0000999f      0x597 ./drivers/fsl_gpio.o
 .debug_info    0x00009f36      0x65f ./drivers/fsl_pit.o
 .debug_info    0x0000a595     0x1831 ./drivers/fsl_uart.o
 .debug_info    0x0000bdc6      0xa6a ./board/clock_config.o
 .debug_info    0x0000c830     0x1345 ./board/peripherals.o
 .debug_info    0x0000db75      0xa50 ./board/pin_mux.o
 .debug_info    0x0000e5c5      0x626 ./CMSIS/system_MK64F12.o

.debug_abbrev   0x00000000     0x235c
 .debug_abbrev  0x00000000      0x2b9 ./utilities/fsl_debug_console.o
 .debug_abbrev  0x000002b9      0x15c ./startup/startup_mk64f12.o
 .debug_abbrev  0x00000415      0x3d7 ./source/main.o
 .debug_abbrev  0x000007ec       0x2f ./source/semihost_hardfault.o
 .debug_abbrev  0x0000081b      0x1ff ./source/uart_com.o
 .debug_abbrev  0x00000a1a      0x31c ./drivers/fsl_clock.o
 .debug_abbrev  0x00000d36      0x248 ./drivers/fsl_common.o
 .debug_abbrev  0x00000f7e      0x323 ./drivers/fsl_dspi.o
 .debug_abbrev  0x000012a1      0x275 ./drivers/fsl_ftm.o
 .debug_abbrev  0x00001516      0x194 ./drivers/fsl_gpio.o
 .debug_abbrev  0x000016aa      0x1d5 ./drivers/fsl_pit.o
 .debug_abbrev  0x0000187f      0x30d ./drivers/fsl_uart.o
 .debug_abbrev  0x00001b8c      0x1f0 ./board/clock_config.o
 .debug_abbrev  0x00001d7c      0x23c ./board/peripherals.o
 .debug_abbrev  0x00001fb8      0x268 ./board/pin_mux.o
 .debug_abbrev  0x00002220      0x13c ./CMSIS/system_MK64F12.o

.debug_aranges  0x00000000      0xd38
 .debug_aranges
                0x00000000       0x80 ./utilities/fsl_debug_console.o
 .debug_aranges
                0x00000080      0x330 ./startup/startup_mk64f12.o
 .debug_aranges
                0x000003b0      0x118 ./source/main.o
 .debug_aranges
                0x000004c8       0x20 ./source/semihost_hardfault.o
 .debug_aranges
                0x000004e8       0x80 ./source/uart_com.o
 .debug_aranges
                0x00000568      0x1e8 ./drivers/fsl_clock.o
 .debug_aranges
                0x00000750       0x38 ./drivers/fsl_common.o
 .debug_aranges
                0x00000788      0x1a8 ./drivers/fsl_dspi.o
 .debug_aranges
                0x00000930       0xc0 ./drivers/fsl_ftm.o
 .debug_aranges
                0x000009f0       0x40 ./drivers/fsl_gpio.o
 .debug_aranges
                0x00000a30       0x40 ./drivers/fsl_pit.o
 .debug_aranges
                0x00000a70      0x170 ./drivers/fsl_uart.o
 .debug_aranges
                0x00000be0       0x58 ./board/clock_config.o
 .debug_aranges
                0x00000c38       0x58 ./board/peripherals.o
 .debug_aranges
                0x00000c90       0x80 ./board/pin_mux.o
 .debug_aranges
                0x00000d10       0x28 ./CMSIS/system_MK64F12.o

.debug_ranges   0x00000000      0xc38
 .debug_ranges  0x00000000       0x70 ./utilities/fsl_debug_console.o
 .debug_ranges  0x00000070      0x320 ./startup/startup_mk64f12.o
 .debug_ranges  0x00000390      0x108 ./source/main.o
 .debug_ranges  0x00000498       0x10 ./source/semihost_hardfault.o
 .debug_ranges  0x000004a8       0x70 ./source/uart_com.o
 .debug_ranges  0x00000518      0x1d8 ./drivers/fsl_clock.o
 .debug_ranges  0x000006f0       0x28 ./drivers/fsl_common.o
 .debug_ranges  0x00000718      0x198 ./drivers/fsl_dspi.o
 .debug_ranges  0x000008b0       0xb0 ./drivers/fsl_ftm.o
 .debug_ranges  0x00000960       0x30 ./drivers/fsl_gpio.o
 .debug_ranges  0x00000990       0x30 ./drivers/fsl_pit.o
 .debug_ranges  0x000009c0      0x160 ./drivers/fsl_uart.o
 .debug_ranges  0x00000b20       0x48 ./board/clock_config.o
 .debug_ranges  0x00000b68       0x48 ./board/peripherals.o
 .debug_ranges  0x00000bb0       0x70 ./board/pin_mux.o
 .debug_ranges  0x00000c20       0x18 ./CMSIS/system_MK64F12.o

.debug_macro    0x00000000    0x13129
 .debug_macro   0x00000000      0x129 ./utilities/fsl_debug_console.o
 .debug_macro   0x00000129      0x8ec ./utilities/fsl_debug_console.o
 .debug_macro   0x00000a15       0x10 ./utilities/fsl_debug_console.o
 .debug_macro   0x00000a25       0x16 ./utilities/fsl_debug_console.o
 .debug_macro   0x00000a3b       0x10 ./utilities/fsl_debug_console.o
 .debug_macro   0x00000a4b      0x12d ./utilities/fsl_debug_console.o
 .debug_macro   0x00000b78       0x28 ./utilities/fsl_debug_console.o
 .debug_macro   0x00000ba0       0xc4 ./utilities/fsl_debug_console.o
 .debug_macro   0x00000c64       0x16 ./utilities/fsl_debug_console.o
 .debug_macro   0x00000c7a       0x22 ./utilities/fsl_debug_console.o
 .debug_macro   0x00000c9c      0x5b2 ./utilities/fsl_debug_console.o
 .debug_macro   0x0000124e       0x10 ./utilities/fsl_debug_console.o
 .debug_macro   0x0000125e       0x5b ./utilities/fsl_debug_console.o
 .debug_macro   0x000012b9       0x3b ./utilities/fsl_debug_console.o
 .debug_macro   0x000012f4       0x50 ./utilities/fsl_debug_console.o
 .debug_macro   0x00001344      0xd40 ./utilities/fsl_debug_console.o
 .debug_macro   0x00002084       0x44 ./utilities/fsl_debug_console.o
 .debug_macro   0x000020c8     0xe07b ./utilities/fsl_debug_console.o
 .debug_macro   0x00010143     0x13d6 ./utilities/fsl_debug_console.o
 .debug_macro   0x00011519       0x3a ./utilities/fsl_debug_console.o
 .debug_macro   0x00011553      0x171 ./utilities/fsl_debug_console.o
 .debug_macro   0x000116c4       0x35 ./utilities/fsl_debug_console.o
 .debug_macro   0x000116f9       0x2e ./utilities/fsl_debug_console.o
 .debug_macro   0x00011727       0x10 ./utilities/fsl_debug_console.o
 .debug_macro   0x00011737       0x29 ./startup/startup_mk64f12.o
 .debug_macro   0x00011760      0x20b ./source/main.o
 .debug_macro   0x0001196b       0xd8 ./source/main.o
 .debug_macro   0x00011a43       0x16 ./source/main.o
 .debug_macro   0x00011a59       0x10 ./source/main.o
 .debug_macro   0x00011a69      0x14a ./source/main.o
 .debug_macro   0x00011bb3       0x10 ./source/main.o
 .debug_macro   0x00011bc3       0x10 ./source/main.o
 .debug_macro   0x00011bd3       0x40 ./source/main.o
 .debug_macro   0x00011c13       0x4c ./source/main.o
 .debug_macro   0x00011c5f      0x7ea ./source/main.o
 .debug_macro   0x00012449       0x11 ./source/semihost_hardfault.o
 .debug_macro   0x0001245a      0x12b ./source/uart_com.o
 .debug_macro   0x00012585      0x1ad ./drivers/fsl_clock.o
 .debug_macro   0x00012732       0xfa ./drivers/fsl_common.o
 .debug_macro   0x0001282c       0xf6 ./drivers/fsl_dspi.o
 .debug_macro   0x00012922       0x3a ./drivers/fsl_dspi.o
 .debug_macro   0x0001295c       0xf7 ./drivers/fsl_ftm.o
 .debug_macro   0x00012a53       0xf7 ./drivers/fsl_gpio.o
 .debug_macro   0x00012b4a       0xf7 ./drivers/fsl_pit.o
 .debug_macro   0x00012c41       0xfd ./drivers/fsl_uart.o
 .debug_macro   0x00012d3e      0x12e ./board/clock_config.o
 .debug_macro   0x00012e6c      0x115 ./board/peripherals.o
 .debug_macro   0x00012f81       0xf9 ./board/pin_mux.o
 .debug_macro   0x0001307a       0x10 ./board/pin_mux.o
 .debug_macro   0x0001308a       0x9f ./CMSIS/system_MK64F12.o

.debug_line     0x00000000     0x54cb
 .debug_line    0x00000000      0x6f9 ./utilities/fsl_debug_console.o
 .debug_line    0x000006f9      0x67e ./startup/startup_mk64f12.o
 .debug_line    0x00000d77      0x73d ./source/main.o
 .debug_line    0x000014b4       0x54 ./source/semihost_hardfault.o
 .debug_line    0x00001508      0x468 ./source/uart_com.o
 .debug_line    0x00001970      0xa41 ./drivers/fsl_clock.o
 .debug_line    0x000023b1      0x393 ./drivers/fsl_common.o
 .debug_line    0x00002744      0xaad ./drivers/fsl_dspi.o
 .debug_line    0x000031f1      0x705 ./drivers/fsl_ftm.o
 .debug_line    0x000038f6      0x2c4 ./drivers/fsl_gpio.o
 .debug_line    0x00003bba      0x2bd ./drivers/fsl_pit.o
 .debug_line    0x00003e77      0x953 ./drivers/fsl_uart.o
 .debug_line    0x000047ca      0x355 ./board/clock_config.o
 .debug_line    0x00004b1f      0x36e ./board/peripherals.o
 .debug_line    0x00004e8d      0x432 ./board/pin_mux.o
 .debug_line    0x000052bf      0x20c ./CMSIS/system_MK64F12.o

.debug_str      0x00000000    0x82797
 .debug_str     0x00000000    0x789ff ./utilities/fsl_debug_console.o
                              0x78b60 (size before relaxing)
 .debug_str     0x000789ff      0x7ea ./startup/startup_mk64f12.o
                               0x2ed9 (size before relaxing)
 .debug_str     0x000791e9     0x4dec ./source/main.o
                              0x7cf24 (size before relaxing)
 .debug_str     0x0007dfd5       0x1f ./source/semihost_hardfault.o
                               0x2661 (size before relaxing)
 .debug_str     0x0007dff4      0x4af ./source/uart_com.o
                              0x78f45 (size before relaxing)
 .debug_str     0x0007e4a3     0x18d8 ./drivers/fsl_clock.o
                              0x79c6e (size before relaxing)
 .debug_str     0x0007fd7b      0x167 ./drivers/fsl_common.o
                              0x780d0 (size before relaxing)
 .debug_str     0x0007fee2      0xc97 ./drivers/fsl_dspi.o
                              0x79a31 (size before relaxing)
 .debug_str     0x00080b79      0xa2d ./drivers/fsl_ftm.o
                              0x79041 (size before relaxing)
 .debug_str     0x000815a6       0xd2 ./drivers/fsl_gpio.o
                              0x7800e (size before relaxing)
 .debug_str     0x00081678       0x50 ./drivers/fsl_pit.o
                              0x781e3 (size before relaxing)
 .debug_str     0x000816c8      0x7a2 ./drivers/fsl_uart.o
                              0x794b6 (size before relaxing)
 .debug_str     0x00081e6a      0x306 ./board/clock_config.o
                              0x786cf (size before relaxing)
 .debug_str     0x00082170       0xf6 ./board/peripherals.o
                              0x79720 (size before relaxing)
 .debug_str     0x00082266      0x484 ./board/pin_mux.o
                              0x7a678 (size before relaxing)
 .debug_str     0x000826ea       0xad ./CMSIS/system_MK64F12.o
                              0x76f43 (size before relaxing)

.comment        0x00000000       0x7f
 .comment       0x00000000       0x7f ./utilities/fsl_debug_console.o
                                 0x80 (size before relaxing)
 .comment       0x0000007f       0x80 ./startup/startup_mk64f12.o
 .comment       0x0000007f       0x80 ./source/main.o
 .comment       0x0000007f       0x80 ./source/semihost_hardfault.o
 .comment       0x0000007f       0x80 ./source/uart_com.o
 .comment       0x0000007f       0x80 ./drivers/fsl_clock.o
 .comment       0x0000007f       0x80 ./drivers/fsl_common.o
 .comment       0x0000007f       0x80 ./drivers/fsl_dspi.o
 .comment       0x0000007f       0x80 ./drivers/fsl_ftm.o
 .comment       0x0000007f       0x80 ./drivers/fsl_gpio.o
 .comment       0x0000007f       0x80 ./drivers/fsl_pit.o
 .comment       0x0000007f       0x80 ./drivers/fsl_uart.o
 .comment       0x0000007f       0x80 ./board/clock_config.o
 .comment       0x0000007f       0x80 ./board/peripherals.o
 .comment       0x0000007f       0x80 ./board/pin_mux.o
 .comment       0x0000007f       0x80 ./CMSIS/system_MK64F12.o
 .comment       0x0000007f       0x80 c:/nxp/mcuxpressoide_10.1.0_589/ide/tools/bin/../lib/gcc/arm-none-eabi/6.3.1/../../../../arm-none-eabi/lib/thumb/v7e-m/fpv4-sp/hard\libcr_nohost_nf.a(_cr__main.o)
 .comment       0x0000007f       0x80 c:/nxp/mcuxpressoide_10.1.0_589/ide/tools/bin/../lib/gcc/arm-none-eabi/6.3.1/../../../../arm-none-eabi/lib/thumb/v7e-m/fpv4-sp/hard\libcr_c.a(memset.o)
 .comment       0x0000007f       0x80 c:/nxp/mcuxpressoide_10.1.0_589/ide/tools/bin/../lib/gcc/arm-none-eabi/6.3.1/../../../../arm-none-eabi/lib/thumb/v7e-m/fpv4-sp/hard\libcr_c.a(initio.o)
 .comment       0x0000007f       0x80 c:/nxp/mcuxpressoide_10.1.0_589/ide/tools/bin/../lib/gcc/arm-none-eabi/6.3.1/../../../../arm-none-eabi/lib/thumb/v7e-m/fpv4-sp/hard\libcr_c.a(setvbuf.o)
 .comment       0x0000007f       0x80 c:/nxp/mcuxpressoide_10.1.0_589/ide/tools/bin/../lib/gcc/arm-none-eabi/6.3.1/../../../../arm-none-eabi/lib/thumb/v7e-m/fpv4-sp/hard\libcr_c.a(stdlib.o)
 .comment       0x0000007f       0x80 c:/nxp/mcuxpressoide_10.1.0_589/ide/tools/bin/../lib/gcc/arm-none-eabi/6.3.1/../../../../arm-none-eabi/lib/thumb/v7e-m/fpv4-sp/hard\libcr_c.a(strlen.o)
 .comment       0x0000007f       0x80 c:/nxp/mcuxpressoide_10.1.0_589/ide/tools/bin/../lib/gcc/arm-none-eabi/6.3.1/../../../../arm-none-eabi/lib/thumb/v7e-m/fpv4-sp/hard\libcr_c.a(_fdopen.o)
 .comment       0x0000007f       0x80 c:/nxp/mcuxpressoide_10.1.0_589/ide/tools/bin/../lib/gcc/arm-none-eabi/6.3.1/../../../../arm-none-eabi/lib/thumb/v7e-m/fpv4-sp/hard\libcr_c.a(fclose.o)
 .comment       0x0000007f       0x80 c:/nxp/mcuxpressoide_10.1.0_589/ide/tools/bin/../lib/gcc/arm-none-eabi/6.3.1/../../../../arm-none-eabi/lib/thumb/v7e-m/fpv4-sp/hard\libcr_c.a(fflush.o)
 .comment       0x0000007f       0x80 c:/nxp/mcuxpressoide_10.1.0_589/ide/tools/bin/../lib/gcc/arm-none-eabi/6.3.1/../../../../arm-none-eabi/lib/thumb/v7e-m/fpv4-sp/hard\libcr_c.a(fseek.o)
 .comment       0x0000007f       0x80 c:/nxp/mcuxpressoide_10.1.0_589/ide/tools/bin/../lib/gcc/arm-none-eabi/6.3.1/../../../../arm-none-eabi/lib/thumb/v7e-m/fpv4-sp/hard\libcr_c.a(ftell.o)
 .comment       0x0000007f       0x80 c:/nxp/mcuxpressoide_10.1.0_589/ide/tools/bin/../lib/gcc/arm-none-eabi/6.3.1/../../../../arm-none-eabi/lib/thumb/v7e-m/fpv4-sp/hard\libcr_c.a(remove.o)
 .comment       0x0000007f       0x80 c:/nxp/mcuxpressoide_10.1.0_589/ide/tools/bin/../lib/gcc/arm-none-eabi/6.3.1/../../../../arm-none-eabi/lib/thumb/v7e-m/fpv4-sp/hard\libcr_c.a(_do_fflush.o)
 .comment       0x0000007f       0x80 c:/nxp/mcuxpressoide_10.1.0_589/ide/tools/bin/../lib/gcc/arm-none-eabi/6.3.1/../../../../arm-none-eabi/lib/thumb/v7e-m/fpv4-sp/hard\libcr_c.a(_fflush.o)
 .comment       0x0000007f       0x80 c:/nxp/mcuxpressoide_10.1.0_589/ide/tools/bin/../lib/gcc/arm-none-eabi/6.3.1/../../../../arm-none-eabi/lib/thumb/v7e-m/fpv4-sp/hard\libcr_c.a(_writebuf.o)
 .comment       0x0000007f       0x80 c:/nxp/mcuxpressoide_10.1.0_589/ide/tools/bin/../lib/gcc/arm-none-eabi/6.3.1/../../../../arm-none-eabi/lib/thumb/v7e-m/fpv4-sp/hard\libcr_c.a(alloc.o)
 .comment       0x0000007f       0x80 c:/nxp/mcuxpressoide_10.1.0_589/ide/tools/bin/../lib/gcc/arm-none-eabi/6.3.1/../../../../arm-none-eabi/lib/thumb/v7e-m/fpv4-sp/hard\libcr_c.a(errno.o)
 .comment       0x0000007f       0x80 c:/nxp/mcuxpressoide_10.1.0_589/ide/tools/bin/../lib/gcc/arm-none-eabi/6.3.1/../../../../arm-none-eabi/lib/thumb/v7e-m/fpv4-sp/hard\libcr_c.a(_deferredlazyseek.o)
 .comment       0x0000007f       0x80 c:/nxp/mcuxpressoide_10.1.0_589/ide/tools/bin/../lib/gcc/arm-none-eabi/6.3.1/../../../../arm-none-eabi/lib/thumb/v7e-m/fpv4-sp/hard\libcr_nohost_nf.a(__ciob.o)
 .comment       0x0000007f       0x80 c:/nxp/mcuxpressoide_10.1.0_589/ide/tools/bin/../lib/gcc/arm-none-eabi/6.3.1/../../../../arm-none-eabi/lib/thumb/v7e-m/fpv4-sp/hard\libcr_nohost_nf.a(__sys_close.o)
 .comment       0x0000007f       0x80 c:/nxp/mcuxpressoide_10.1.0_589/ide/tools/bin/../lib/gcc/arm-none-eabi/6.3.1/../../../../arm-none-eabi/lib/thumb/v7e-m/fpv4-sp/hard\libcr_nohost_nf.a(__sys_flen.o)
 .comment       0x0000007f       0x80 c:/nxp/mcuxpressoide_10.1.0_589/ide/tools/bin/../lib/gcc/arm-none-eabi/6.3.1/../../../../arm-none-eabi/lib/thumb/v7e-m/fpv4-sp/hard\libcr_nohost_nf.a(__sys_istty.o)
 .comment       0x0000007f       0x80 c:/nxp/mcuxpressoide_10.1.0_589/ide/tools/bin/../lib/gcc/arm-none-eabi/6.3.1/../../../../arm-none-eabi/lib/thumb/v7e-m/fpv4-sp/hard\libcr_nohost_nf.a(__sys_remove.o)
 .comment       0x0000007f       0x80 c:/nxp/mcuxpressoide_10.1.0_589/ide/tools/bin/../lib/gcc/arm-none-eabi/6.3.1/../../../../arm-none-eabi/lib/thumb/v7e-m/fpv4-sp/hard\libcr_nohost_nf.a(__sys_seek.o)
 .comment       0x0000007f       0x80 c:/nxp/mcuxpressoide_10.1.0_589/ide/tools/bin/../lib/gcc/arm-none-eabi/6.3.1/../../../../arm-none-eabi/lib/thumb/v7e-m/fpv4-sp/hard\libcr_nohost_nf.a(__sys_tmpnam.o)
 .comment       0x0000007f       0x80 c:/nxp/mcuxpressoide_10.1.0_589/ide/tools/bin/../lib/gcc/arm-none-eabi/6.3.1/../../../../arm-none-eabi/lib/thumb/v7e-m/fpv4-sp/hard\libcr_nohost_nf.a(__sys_write.o)

.ARM.attributes
                0x00000000       0x37
 .ARM.attributes
                0x00000000       0x39 ./utilities/fsl_debug_console.o
 .ARM.attributes
                0x00000039       0x39 ./startup/startup_mk64f12.o
 .ARM.attributes
                0x00000072       0x39 ./source/main.o
 .ARM.attributes
                0x000000ab       0x39 ./source/semihost_hardfault.o
 .ARM.attributes
                0x000000e4       0x39 ./source/uart_com.o
 .ARM.attributes
                0x0000011d       0x39 ./drivers/fsl_clock.o
 .ARM.attributes
                0x00000156       0x39 ./drivers/fsl_common.o
 .ARM.attributes
                0x0000018f       0x39 ./drivers/fsl_dspi.o
 .ARM.attributes
                0x000001c8       0x39 ./drivers/fsl_ftm.o
 .ARM.attributes
                0x00000201       0x39 ./drivers/fsl_gpio.o
 .ARM.attributes
                0x0000023a       0x39 ./drivers/fsl_pit.o
 .ARM.attributes
                0x00000273       0x39 ./drivers/fsl_uart.o
 .ARM.attributes
                0x000002ac       0x39 ./board/clock_config.o
 .ARM.attributes
                0x000002e5       0x39 ./board/peripherals.o
 .ARM.attributes
                0x0000031e       0x39 ./board/pin_mux.o
 .ARM.attributes
                0x00000357       0x39 ./CMSIS/system_MK64F12.o
 .ARM.attributes
                0x00000390       0x39 c:/nxp/mcuxpressoide_10.1.0_589/ide/tools/bin/../lib/gcc/arm-none-eabi/6.3.1/../../../../arm-none-eabi/lib/thumb/v7e-m/fpv4-sp/hard\libcr_nohost_nf.a(_cr__main.o)
 .ARM.attributes
                0x000003c9       0x39 c:/nxp/mcuxpressoide_10.1.0_589/ide/tools/bin/../lib/gcc/arm-none-eabi/6.3.1/../../../../arm-none-eabi/lib/thumb/v7e-m/fpv4-sp/hard\libcr_c.a(memset.o)
 .ARM.attributes
                0x00000402       0x39 c:/nxp/mcuxpressoide_10.1.0_589/ide/tools/bin/../lib/gcc/arm-none-eabi/6.3.1/../../../../arm-none-eabi/lib/thumb/v7e-m/fpv4-sp/hard\libcr_c.a(initio.o)
 .ARM.attributes
                0x0000043b       0x39 c:/nxp/mcuxpressoide_10.1.0_589/ide/tools/bin/../lib/gcc/arm-none-eabi/6.3.1/../../../../arm-none-eabi/lib/thumb/v7e-m/fpv4-sp/hard\libcr_c.a(setvbuf.o)
 .ARM.attributes
                0x00000474       0x39 c:/nxp/mcuxpressoide_10.1.0_589/ide/tools/bin/../lib/gcc/arm-none-eabi/6.3.1/../../../../arm-none-eabi/lib/thumb/v7e-m/fpv4-sp/hard\libcr_c.a(stdlib.o)
 .ARM.attributes
                0x000004ad       0x39 c:/nxp/mcuxpressoide_10.1.0_589/ide/tools/bin/../lib/gcc/arm-none-eabi/6.3.1/../../../../arm-none-eabi/lib/thumb/v7e-m/fpv4-sp/hard\libcr_c.a(strlen.o)
 .ARM.attributes
                0x000004e6       0x39 c:/nxp/mcuxpressoide_10.1.0_589/ide/tools/bin/../lib/gcc/arm-none-eabi/6.3.1/../../../../arm-none-eabi/lib/thumb/v7e-m/fpv4-sp/hard\libcr_c.a(_fdopen.o)
 .ARM.attributes
                0x0000051f       0x39 c:/nxp/mcuxpressoide_10.1.0_589/ide/tools/bin/../lib/gcc/arm-none-eabi/6.3.1/../../../../arm-none-eabi/lib/thumb/v7e-m/fpv4-sp/hard\libcr_c.a(fclose.o)
 .ARM.attributes
                0x00000558       0x39 c:/nxp/mcuxpressoide_10.1.0_589/ide/tools/bin/../lib/gcc/arm-none-eabi/6.3.1/../../../../arm-none-eabi/lib/thumb/v7e-m/fpv4-sp/hard\libcr_c.a(fflush.o)
 .ARM.attributes
                0x00000591       0x39 c:/nxp/mcuxpressoide_10.1.0_589/ide/tools/bin/../lib/gcc/arm-none-eabi/6.3.1/../../../../arm-none-eabi/lib/thumb/v7e-m/fpv4-sp/hard\libcr_c.a(fseek.o)
 .ARM.attributes
                0x000005ca       0x39 c:/nxp/mcuxpressoide_10.1.0_589/ide/tools/bin/../lib/gcc/arm-none-eabi/6.3.1/../../../../arm-none-eabi/lib/thumb/v7e-m/fpv4-sp/hard\libcr_c.a(ftell.o)
 .ARM.attributes
                0x00000603       0x39 c:/nxp/mcuxpressoide_10.1.0_589/ide/tools/bin/../lib/gcc/arm-none-eabi/6.3.1/../../../../arm-none-eabi/lib/thumb/v7e-m/fpv4-sp/hard\libcr_c.a(remove.o)
 .ARM.attributes
                0x0000063c       0x39 c:/nxp/mcuxpressoide_10.1.0_589/ide/tools/bin/../lib/gcc/arm-none-eabi/6.3.1/../../../../arm-none-eabi/lib/thumb/v7e-m/fpv4-sp/hard\libcr_c.a(_do_fflush.o)
 .ARM.attributes
                0x00000675       0x39 c:/nxp/mcuxpressoide_10.1.0_589/ide/tools/bin/../lib/gcc/arm-none-eabi/6.3.1/../../../../arm-none-eabi/lib/thumb/v7e-m/fpv4-sp/hard\libcr_c.a(_fflush.o)
 .ARM.attributes
                0x000006ae       0x39 c:/nxp/mcuxpressoide_10.1.0_589/ide/tools/bin/../lib/gcc/arm-none-eabi/6.3.1/../../../../arm-none-eabi/lib/thumb/v7e-m/fpv4-sp/hard\libcr_c.a(_writebuf.o)
 .ARM.attributes
                0x000006e7       0x39 c:/nxp/mcuxpressoide_10.1.0_589/ide/tools/bin/../lib/gcc/arm-none-eabi/6.3.1/../../../../arm-none-eabi/lib/thumb/v7e-m/fpv4-sp/hard\libcr_c.a(alloc.o)
 .ARM.attributes
                0x00000720       0x39 c:/nxp/mcuxpressoide_10.1.0_589/ide/tools/bin/../lib/gcc/arm-none-eabi/6.3.1/../../../../arm-none-eabi/lib/thumb/v7e-m/fpv4-sp/hard\libcr_c.a(errno.o)
 .ARM.attributes
                0x00000759       0x39 c:/nxp/mcuxpressoide_10.1.0_589/ide/tools/bin/../lib/gcc/arm-none-eabi/6.3.1/../../../../arm-none-eabi/lib/thumb/v7e-m/fpv4-sp/hard\libcr_c.a(_deferredlazyseek.o)
 .ARM.attributes
                0x00000792       0x25 c:/nxp/mcuxpressoide_10.1.0_589/ide/tools/bin/../lib/gcc/arm-none-eabi/6.3.1/thumb/v7e-m/fpv4-sp/hard\libcr_eabihelpers.a(division_64.o)
 .ARM.attributes
                0x000007b7       0x25 c:/nxp/mcuxpressoide_10.1.0_589/ide/tools/bin/../lib/gcc/arm-none-eabi/6.3.1/thumb/v7e-m/fpv4-sp/hard\libcr_eabihelpers.a(division_idiv0.o)
 .ARM.attributes
                0x000007dc       0x25 c:/nxp/mcuxpressoide_10.1.0_589/ide/tools/bin/../lib/gcc/arm-none-eabi/6.3.1/thumb/v7e-m/fpv4-sp/hard\libcr_eabihelpers.a(memcpy.o)
 .ARM.attributes
                0x00000801       0x39 c:/nxp/mcuxpressoide_10.1.0_589/ide/tools/bin/../lib/gcc/arm-none-eabi/6.3.1/../../../../arm-none-eabi/lib/thumb/v7e-m/fpv4-sp/hard\libcr_nohost_nf.a(__ciob.o)
 .ARM.attributes
                0x0000083a       0x39 c:/nxp/mcuxpressoide_10.1.0_589/ide/tools/bin/../lib/gcc/arm-none-eabi/6.3.1/../../../../arm-none-eabi/lib/thumb/v7e-m/fpv4-sp/hard\libcr_nohost_nf.a(__sys_close.o)
 .ARM.attributes
                0x00000873       0x39 c:/nxp/mcuxpressoide_10.1.0_589/ide/tools/bin/../lib/gcc/arm-none-eabi/6.3.1/../../../../arm-none-eabi/lib/thumb/v7e-m/fpv4-sp/hard\libcr_nohost_nf.a(__sys_flen.o)
 .ARM.attributes
                0x000008ac       0x39 c:/nxp/mcuxpressoide_10.1.0_589/ide/tools/bin/../lib/gcc/arm-none-eabi/6.3.1/../../../../arm-none-eabi/lib/thumb/v7e-m/fpv4-sp/hard\libcr_nohost_nf.a(__sys_istty.o)
 .ARM.attributes
                0x000008e5       0x39 c:/nxp/mcuxpressoide_10.1.0_589/ide/tools/bin/../lib/gcc/arm-none-eabi/6.3.1/../../../../arm-none-eabi/lib/thumb/v7e-m/fpv4-sp/hard\libcr_nohost_nf.a(__sys_remove.o)
 .ARM.attributes
                0x0000091e       0x39 c:/nxp/mcuxpressoide_10.1.0_589/ide/tools/bin/../lib/gcc/arm-none-eabi/6.3.1/../../../../arm-none-eabi/lib/thumb/v7e-m/fpv4-sp/hard\libcr_nohost_nf.a(__sys_seek.o)
 .ARM.attributes
                0x00000957       0x39 c:/nxp/mcuxpressoide_10.1.0_589/ide/tools/bin/../lib/gcc/arm-none-eabi/6.3.1/../../../../arm-none-eabi/lib/thumb/v7e-m/fpv4-sp/hard\libcr_nohost_nf.a(__sys_tmpnam.o)
 .ARM.attributes
                0x00000990       0x39 c:/nxp/mcuxpressoide_10.1.0_589/ide/tools/bin/../lib/gcc/arm-none-eabi/6.3.1/../../../../arm-none-eabi/lib/thumb/v7e-m/fpv4-sp/hard\libcr_nohost_nf.a(__sys_write.o)

.debug_frame    0x00000000     0x3138
 .debug_frame   0x00000000      0x224 ./utilities/fsl_debug_console.o
 .debug_frame   0x00000224      0x904 ./startup/startup_mk64f12.o
 .debug_frame   0x00000b28      0x4c4 ./source/main.o
 .debug_frame   0x00000fec       0x20 ./source/semihost_hardfault.o
 .debug_frame   0x0000100c      0x1f4 ./source/uart_com.o
 .debug_frame   0x00001200      0x820 ./drivers/fsl_clock.o
 .debug_frame   0x00001a20       0xa4 ./drivers/fsl_common.o
 .debug_frame   0x00001ac4      0x758 ./drivers/fsl_dspi.o
 .debug_frame   0x0000221c      0x338 ./drivers/fsl_ftm.o
 .debug_frame   0x00002554       0xc8 ./drivers/fsl_gpio.o
 .debug_frame   0x0000261c       0xcc ./drivers/fsl_pit.o
 .debug_frame   0x000026e8      0x5ec ./drivers/fsl_uart.o
 .debug_frame   0x00002cd4      0x124 ./board/clock_config.o
 .debug_frame   0x00002df8      0x118 ./board/peripherals.o
 .debug_frame   0x00002f10      0x1d0 ./board/pin_mux.o
 .debug_frame   0x000030e0       0x58 ./CMSIS/system_MK64F12.o
